Component: ARM Compiler 5.06 update 6 (build 750) Tool: armlink [4d35ed]

==============================================================================

Section Cross References

    stm32f10x_it.o(i.EXTI0_IRQHandler) refers to stm32f10x_exti.o(i.EXTI_GetITStatus) for EXTI_GetITStatus
    stm32f10x_it.o(i.EXTI0_IRQHandler) refers to f2d.o(.text) for __aeabi_f2d
    stm32f10x_it.o(i.EXTI0_IRQHandler) refers to ddiv.o(.text) for __aeabi_ddiv
    stm32f10x_it.o(i.EXTI0_IRQHandler) refers to dmul.o(.text) for __aeabi_dmul
    stm32f10x_it.o(i.EXTI0_IRQHandler) refers to d2f.o(.text) for __aeabi_d2f
    stm32f10x_it.o(i.EXTI0_IRQHandler) refers to main.o(i.Print_Circle) for Print_Circle
    stm32f10x_it.o(i.EXTI0_IRQHandler) refers to stm32f10x_exti.o(i.EXTI_ClearITPendingBit) for EXTI_ClearITPendingBit
    stm32f10x_it.o(i.EXTI0_IRQHandler) refers to main.o(.data) for secim
    stm32f10x_it.o(i.EXTI15_10_IRQHandler) refers to stm32f10x_exti.o(i.EXTI_GetITStatus) for EXTI_GetITStatus
    stm32f10x_it.o(i.EXTI15_10_IRQHandler) refers to f2d.o(.text) for __aeabi_f2d
    stm32f10x_it.o(i.EXTI15_10_IRQHandler) refers to ddiv.o(.text) for __aeabi_ddiv
    stm32f10x_it.o(i.EXTI15_10_IRQHandler) refers to dmul.o(.text) for __aeabi_dmul
    stm32f10x_it.o(i.EXTI15_10_IRQHandler) refers to d2f.o(.text) for __aeabi_d2f
    stm32f10x_it.o(i.EXTI15_10_IRQHandler) refers to main.o(i.Print_Circle) for Print_Circle
    stm32f10x_it.o(i.EXTI15_10_IRQHandler) refers to stm32f10x_exti.o(i.EXTI_ClearITPendingBit) for EXTI_ClearITPendingBit
    stm32f10x_it.o(i.EXTI15_10_IRQHandler) refers to main.o(.data) for secim
    stm32f10x_it.o(i.EXTI9_5_IRQHandler) refers to stm32f10x_exti.o(i.EXTI_GetITStatus) for EXTI_GetITStatus
    stm32f10x_it.o(i.EXTI9_5_IRQHandler) refers to f2d.o(.text) for __aeabi_f2d
    stm32f10x_it.o(i.EXTI9_5_IRQHandler) refers to ddiv.o(.text) for __aeabi_ddiv
    stm32f10x_it.o(i.EXTI9_5_IRQHandler) refers to dmul.o(.text) for __aeabi_dmul
    stm32f10x_it.o(i.EXTI9_5_IRQHandler) refers to d2f.o(.text) for __aeabi_d2f
    stm32f10x_it.o(i.EXTI9_5_IRQHandler) refers to main.o(i.Print_Circle) for Print_Circle
    stm32f10x_it.o(i.EXTI9_5_IRQHandler) refers to stm32f10x_exti.o(i.EXTI_ClearITPendingBit) for EXTI_ClearITPendingBit
    stm32f10x_it.o(i.EXTI9_5_IRQHandler) refers to main.o(.data) for secim
    main.o(i.ADC_Config) refers to stm32f10x_adc.o(i.ADC_Init) for ADC_Init
    main.o(i.ADC_Config) refers to stm32f10x_adc.o(i.ADC_RegularChannelConfig) for ADC_RegularChannelConfig
    main.o(i.ADC_Config) refers to stm32f10x_adc.o(i.ADC_Cmd) for ADC_Cmd
    main.o(i.ADC_Config) refers to stm32f10x_adc.o(i.ADC_ResetCalibration) for ADC_ResetCalibration
    main.o(i.ADC_Config) refers to stm32f10x_adc.o(i.ADC_GetResetCalibrationStatus) for ADC_GetResetCalibrationStatus
    main.o(i.ADC_Config) refers to stm32f10x_adc.o(i.ADC_StartCalibration) for ADC_StartCalibration
    main.o(i.ADC_Config) refers to stm32f10x_adc.o(i.ADC_GetCalibrationStatus) for ADC_GetCalibrationStatus
    main.o(i.ADC_Config) refers to main.o(.bss) for .bss
    main.o(i.EXTI0_Config) refers to stm32f10x_rcc.o(i.RCC_APB2PeriphClockCmd) for RCC_APB2PeriphClockCmd
    main.o(i.EXTI0_Config) refers to stm32f10x_gpio.o(i.GPIO_Init) for GPIO_Init
    main.o(i.EXTI0_Config) refers to stm32f10x_gpio.o(i.GPIO_EXTILineConfig) for GPIO_EXTILineConfig
    main.o(i.EXTI0_Config) refers to stm32f10x_exti.o(i.EXTI_Init) for EXTI_Init
    main.o(i.EXTI0_Config) refers to misc.o(i.NVIC_PriorityGroupConfig) for NVIC_PriorityGroupConfig
    main.o(i.EXTI0_Config) refers to misc.o(i.NVIC_Init) for NVIC_Init
    main.o(i.EXTI15_10_Config) refers to stm32f10x_rcc.o(i.RCC_APB2PeriphClockCmd) for RCC_APB2PeriphClockCmd
    main.o(i.EXTI15_10_Config) refers to stm32f10x_gpio.o(i.GPIO_Init) for GPIO_Init
    main.o(i.EXTI15_10_Config) refers to stm32f10x_gpio.o(i.GPIO_EXTILineConfig) for GPIO_EXTILineConfig
    main.o(i.EXTI15_10_Config) refers to stm32f10x_exti.o(i.EXTI_Init) for EXTI_Init
    main.o(i.EXTI15_10_Config) refers to misc.o(i.NVIC_PriorityGroupConfig) for NVIC_PriorityGroupConfig
    main.o(i.EXTI15_10_Config) refers to misc.o(i.NVIC_Init) for NVIC_Init
    main.o(i.EXTI9_5_Config) refers to stm32f10x_rcc.o(i.RCC_APB2PeriphClockCmd) for RCC_APB2PeriphClockCmd
    main.o(i.EXTI9_5_Config) refers to stm32f10x_gpio.o(i.GPIO_Init) for GPIO_Init
    main.o(i.EXTI9_5_Config) refers to stm32f10x_gpio.o(i.GPIO_EXTILineConfig) for GPIO_EXTILineConfig
    main.o(i.EXTI9_5_Config) refers to stm32f10x_exti.o(i.EXTI_Init) for EXTI_Init
    main.o(i.EXTI9_5_Config) refers to misc.o(i.NVIC_Init) for NVIC_Init
    main.o(i.GPIO_Configuration) refers to stm32f10x_gpio.o(i.GPIO_Init) for GPIO_Init
    main.o(i.LCD_Config) refers to stm3210c_eval_lcd.o(i.STM3210C_LCD_Init) for STM3210C_LCD_Init
    main.o(i.LCD_Config) refers to stm3210c_eval_lcd.o(i.LCD_Clear) for LCD_Clear
    main.o(i.Print_Circle) refers to stm3210c_eval_lcd.o(i.LCD_Clear) for LCD_Clear
[...]
    Removing stm32f10x_cec.o(i.CEC_Init), (24 bytes).
    Removing stm32f10x_cec.o(i.CEC_OwnAddressConfig), (12 bytes).
    Removing stm32f10x_cec.o(i.CEC_ReceiveDataByte), (12 bytes).
    Removing stm32f10x_cec.o(i.CEC_SendDataByte), (12 bytes).
    Removing stm32f10x_cec.o(i.CEC_SetPrescaler), (12 bytes).
    Removing stm32f10x_cec.o(i.CEC_StartOfMessage), (16 bytes).
    Removing stm32f10x_crc.o(i.CRC_CalcBlockCRC), (28 bytes).
    Removing stm32f10x_crc.o(i.CRC_CalcCRC), (12 bytes).
    Removing stm32f10x_crc.o(i.CRC_GetCRC), (12 bytes).
    Removing stm32f10x_crc.o(i.CRC_GetIDRegister), (12 bytes).
    Removing stm32f10x_crc.o(i.CRC_ResetDR), (12 bytes).
    Removing stm32f10x_crc.o(i.CRC_SetIDRegister), (12 bytes).
    Removing stm32f10x_dac.o(i.DAC_Cmd), (24 bytes).
    Removing stm32f10x_dac.o(i.DAC_DMACmd), (24 bytes).
    Removing stm32f10x_dac.o(i.DAC_DeInit), (24 bytes).
    Removing stm32f10x_dac.o(i.DAC_DualSoftwareTriggerCmd), (28 bytes).
    Removing stm32f10x_dac.o(i.DAC_GetDataOutputValue), (24 bytes).
    Removing stm32f10x_dac.o(i.DAC_Init), (40 bytes).
    Removing stm32f10x_dac.o(i.DAC_SetChannel1Data), (20 bytes).
    Removing stm32f10x_dac.o(i.DAC_SetChannel2Data), (20 bytes).
    Removing stm32f10x_dac.o(i.DAC_SetDualChannelData), (28 bytes).
    Removing stm32f10x_dac.o(i.DAC_SoftwareTriggerCmd), (28 bytes).
    Removing stm32f10x_dac.o(i.DAC_StructInit), (12 bytes).
    Removing stm32f10x_dac.o(i.DAC_WaveGenerationCmd), (24 bytes).
    Removing stm32f10x_dbgmcu.o(i.DBGMCU_Config), (24 bytes).
    Removing stm32f10x_dbgmcu.o(i.DBGMCU_GetDEVID), (16 bytes).
    Removing stm32f10x_dbgmcu.o(i.DBGMCU_GetREVID), (12 bytes).
    Removing stm32f10x_flash.o(i.FLASH_ClearFlag), (12 bytes).
    Removing stm32f10x_flash.o(i.FLASH_EnableWriteProtection), (172 bytes).
    Removing stm32f10x_flash.o(i.FLASH_EraseAllBank1Pages), (56 bytes).
    Removing stm32f10x_flash.o(i.FLASH_EraseAllPages), (56 bytes).
    Removing stm32f10x_flash.o(i.FLASH_EraseOptionBytes), (124 bytes).
    Removing stm32f10x_flash.o(i.FLASH_ErasePage), (60 bytes).
    Removing stm32f10x_flash.o(i.FLASH_GetBank1Status), (40 bytes).
    Removing stm32f10x_flash.o(i.FLASH_GetFlagStatus), (32 bytes).
    Removing stm32f10x_flash.o(i.FLASH_GetPrefetchBufferStatus), (20 bytes).
    Removing stm32f10x_flash.o(i.FLASH_GetReadOutProtectionStatus), (20 bytes).
    Removing stm32f10x_flash.o(i.FLASH_GetStatus), (40 bytes).
    Removing stm32f10x_flash.o(i.FLASH_GetUserOptionByte), (12 bytes).
    Removing stm32f10x_flash.o(i.FLASH_GetWriteProtectionOptionByte), (12 bytes).
    Removing stm32f10x_flash.o(i.FLASH_HalfCycleAccessCmd), (24 bytes).
    Removing stm32f10x_flash.o(i.FLASH_ITConfig), (24 bytes).
    Removing stm32f10x_flash.o(i.FLASH_Lock), (16 bytes).
    Removing stm32f10x_flash.o(i.FLASH_LockBank1), (16 bytes).
    Removing stm32f10x_flash.o(i.FLASH_PrefetchBufferCmd), (24 bytes).
    Removing stm32f10x_flash.o(i.FLASH_ProgramHalfWord), (52 bytes).
    Removing stm32f10x_flash.o(i.FLASH_ProgramOptionByteData), (76 bytes).
    Removing stm32f10x_flash.o(i.FLASH_ProgramWord), (80 bytes).
    Removing stm32f10x_flash.o(i.FLASH_ReadOutProtection), (136 bytes).
    Removing stm32f10x_flash.o(i.FLASH_SetLatency), (20 bytes).
    Removing stm32f10x_flash.o(i.FLASH_Unlock), (24 bytes).
    Removing stm32f10x_flash.o(i.FLASH_UnlockBank1), (24 bytes).
    Removing stm32f10x_flash.o(i.FLASH_UserOptionByteConfig), (96 bytes).
    Removing stm32f10x_flash.o(i.FLASH_WaitForLastBank1Operation), (36 bytes).
    Removing stm32f10x_flash.o(i.FLASH_WaitForLastOperation), (36 bytes).
    Removing stm32f10x_iwdg.o(i.IWDG_Enable), (16 bytes).
    Removing stm32f10x_iwdg.o(i.IWDG_GetFlagStatus), (20 bytes).
    Removing stm32f10x_iwdg.o(i.IWDG_ReloadCounter), (16 bytes).
    Removing stm32f10x_iwdg.o(i.IWDG_SetPrescaler), (12 bytes).
    Removing stm32f10x_iwdg.o(i.IWDG_SetReload), (12 bytes).
    Removing stm32f10x_iwdg.o(i.IWDG_WriteAccessCmd), (12 bytes).
    Removing stm32f10x_pwr.o(i.PWR_BackupAccessCmd), (12 bytes).
    Removing stm32f10x_pwr.o(i.PWR_ClearFlag), (16 bytes).
    Removing stm32f10x_pwr.o(i.PWR_DeInit), (24 bytes).
    Removing stm32f10x_pwr.o(i.PWR_EnterSTANDBYMode), (40 bytes).
    Removing stm32f10x_pwr.o(i.PWR_EnterSTOPMode), (52 bytes).
    Removing stm32f10x_pwr.o(i.PWR_GetFlagStatus), (20 bytes).
    Removing stm32f10x_pwr.o(i.PWR_PVDCmd), (12 bytes).
    Removing stm32f10x_pwr.o(i.PWR_PVDLevelConfig), (20 bytes).
    Removing stm32f10x_pwr.o(i.PWR_WakeUpPinCmd), (12 bytes).
    Removing stm32f10x_rtc.o(i.RTC_ClearFlag), (16 bytes).
    Removing stm32f10x_rtc.o(i.RTC_ClearITPendingBit), (16 bytes).
    Removing stm32f10x_rtc.o(i.RTC_EnterConfigMode), (16 bytes).
    Removing stm32f10x_rtc.o(i.RTC_ExitConfigMode), (16 bytes).
    Removing stm32f10x_rtc.o(i.RTC_GetCounter), (20 bytes).
    Removing stm32f10x_rtc.o(i.RTC_GetDivider), (24 bytes).
    Removing stm32f10x_rtc.o(i.RTC_GetFlagStatus), (20 bytes).
    Removing stm32f10x_rtc.o(i.RTC_GetITStatus), (32 bytes).
    Removing stm32f10x_rtc.o(i.RTC_ITConfig), (24 bytes).
    Removing stm32f10x_rtc.o(i.RTC_SetAlarm), (32 bytes).
    Removing stm32f10x_rtc.o(i.RTC_SetCounter), (32 bytes).
    Removing stm32f10x_rtc.o(i.RTC_SetPrescaler), (32 bytes).
    Removing stm32f10x_rtc.o(i.RTC_WaitForLastTask), (16 bytes).
    Removing stm32f10x_rtc.o(i.RTC_WaitForSynchro), (24 bytes).
    Removing stm32f10x_tim.o(i.TI1_Config), (108 bytes).
    Removing stm32f10x_tim.o(i.TI2_Config), (124 bytes).
    Removing stm32f10x_tim.o(i.TIM_ARRPreloadConfig), (20 bytes).
    Removing stm32f10x_tim.o(i.TIM_BDTRConfig), (34 bytes).
    Removing stm32f10x_tim.o(i.TIM_BDTRStructInit), (18 bytes).
    Removing stm32f10x_tim.o(i.TIM_CCPreloadControl), (20 bytes).
    Removing stm32f10x_tim.o(i.TIM_CCxCmd), (22 bytes).
    Removing stm32f10x_tim.o(i.TIM_CCxNCmd), (22 bytes).
    Removing stm32f10x_tim.o(i.TIM_ClearFlag), (6 bytes).
    Removing stm32f10x_tim.o(i.TIM_ClearITPendingBit), (6 bytes).
    Removing stm32f10x_tim.o(i.TIM_ClearOC1Ref), (12 bytes).
    Removing stm32f10x_tim.o(i.TIM_ClearOC2Ref), (20 bytes).
    Removing stm32f10x_tim.o(i.TIM_ClearOC3Ref), (12 bytes).
    Removing stm32f10x_tim.o(i.TIM_ClearOC4Ref), (20 bytes).
    Removing stm32f10x_tim.o(i.TIM_Cmd), (20 bytes).
    Removing stm32f10x_tim.o(i.TIM_CounterModeConfig), (12 bytes).
    Removing stm32f10x_tim.o(i.TIM_CtrlPWMOutputs), (22 bytes).
    Removing stm32f10x_tim.o(i.TIM_DMACmd), (16 bytes).
    Removing stm32f10x_tim.o(i.TIM_DMAConfig), (8 bytes).
    Removing stm32f10x_tim.o(i.TIM_DeInit), (368 bytes).
    Removing stm32f10x_tim.o(i.TIM_ETRClockMode1Config), (18 bytes).
    Removing stm32f10x_tim.o(i.TIM_ETRClockMode2Config), (18 bytes).
    Removing stm32f10x_tim.o(i.TIM_ETRConfig), (24 bytes).
    Removing stm32f10x_tim.o(i.TIM_EncoderInterfaceConfig), (50 bytes).
    Removing stm32f10x_tim.o(i.TIM_ForcedOC1Config), (12 bytes).
    Removing stm32f10x_tim.o(i.TIM_ForcedOC2Config), (20 bytes).
    Removing stm32f10x_tim.o(i.TIM_ForcedOC3Config), (12 bytes).
    Removing stm32f10x_tim.o(i.TIM_ForcedOC4Config), (20 bytes).
    Removing stm32f10x_tim.o(i.TIM_GenerateEvent), (4 bytes).
    Removing stm32f10x_tim.o(i.TIM_GetCapture1), (4 bytes).
    Removing stm32f10x_tim.o(i.TIM_GetCapture2), (4 bytes).
    Removing stm32f10x_tim.o(i.TIM_GetCapture3), (4 bytes).
    Removing stm32f10x_tim.o(i.TIM_GetCapture4), (6 bytes).
    Removing stm32f10x_tim.o(i.TIM_GetCounter), (4 bytes).
    Removing stm32f10x_tim.o(i.TIM_GetFlagStatus), (14 bytes).
    Removing stm32f10x_tim.o(i.TIM_GetITStatus), (24 bytes).
    Removing stm32f10x_tim.o(i.TIM_GetPrescaler), (4 bytes).
    Removing stm32f10x_tim.o(i.TIM_ICInit), (300 bytes).
    Removing stm32f10x_tim.o(i.TIM_ICStructInit), (16 bytes).
    Removing stm32f10x_tim.o(i.TIM_ITConfig), (16 bytes).
    Removing stm32f10x_tim.o(i.TIM_ITRxExternalClockConfig), (18 bytes).
    Removing stm32f10x_tim.o(i.TIM_InternalClockConfig), (10 bytes).
    Removing stm32f10x_tim.o(i.TIM_OC1FastConfig), (12 bytes).
    Removing stm32f10x_tim.o(i.TIM_OC1Init), (128 bytes).
    Removing stm32f10x_tim.o(i.TIM_OC1NPolarityConfig), (12 bytes).
    Removing stm32f10x_tim.o(i.TIM_OC1PolarityConfig), (12 bytes).
    Removing stm32f10x_tim.o(i.TIM_OC1PreloadConfig), (12 bytes).
    Removing stm32f10x_tim.o(i.TIM_OC2FastConfig), (20 bytes).
    Removing stm32f10x_tim.o(i.TIM_OC2Init), (128 bytes).
    Removing stm32f10x_tim.o(i.TIM_OC2NPolarityConfig), (20 bytes).
    Removing stm32f10x_tim.o(i.TIM_OC2PolarityConfig), (20 bytes).
    Removing stm32f10x_tim.o(i.TIM_OC2PreloadConfig), (20 bytes).
    Removing stm32f10x_tim.o(i.TIM_OC3FastConfig), (12 bytes).
    Removing stm32f10x_tim.o(i.TIM_OC3Init), (124 bytes).
    Removing stm32f10x_tim.o(i.TIM_OC3NPolarityConfig), (20 bytes).
    Removing stm32f10x_tim.o(i.TIM_OC3PolarityConfig), (20 bytes).
    Removing stm32f10x_tim.o(i.TIM_OC3PreloadConfig), (12 bytes).
    Removing stm32f10x_tim.o(i.TIM_OC4FastConfig), (20 bytes).
    Removing stm32f10x_tim.o(i.TIM_OC4Init), (100 bytes).
    Removing stm32f10x_tim.o(i.TIM_OC4PolarityConfig), (20 bytes).
    Removing stm32f10x_tim.o(i.TIM_OC4PreloadConfig), (20 bytes).
    Removing stm32f10x_tim.o(i.TIM_OCStructInit), (20 bytes).
    Removing stm32f10x_tim.o(i.TIM_PWMIConfig), (108 bytes).
    Removing stm32f10x_tim.o(i.TIM_PrescalerConfig), (6 bytes).
    Removing stm32f10x_tim.o(i.TIM_SelectCCDMA), (20 bytes).
    Removing stm32f10x_tim.o(i.TIM_SelectCOM), (20 bytes).
    Removing stm32f10x_tim.o(i.TIM_SelectHallSensor), (20 bytes).
    Removing stm32f10x_tim.o(i.TIM_SelectInputTrigger), (12 bytes).
    Removing stm32f10x_tim.o(i.TIM_SelectMasterSlaveMode), (16 bytes).
    Removing stm32f10x_tim.o(i.TIM_SelectOCxM), (70 bytes).
    Removing stm32f10x_tim.o(i.TIM_SelectOnePulseMode), (16 bytes).
    Removing stm32f10x_tim.o(i.TIM_SelectOutputTrigger), (16 bytes).
    Removing stm32f10x_tim.o(i.TIM_SelectSlaveMode), (16 bytes).
    Removing stm32f10x_tim.o(i.TIM_SetAutoreload), (4 bytes).
    Removing stm32f10x_tim.o(i.TIM_SetClockDivision), (16 bytes).
    Removing stm32f10x_tim.o(i.TIM_SetCompare1), (4 bytes).
    Removing stm32f10x_tim.o(i.TIM_SetCompare2), (4 bytes).
    Removing stm32f10x_tim.o(i.TIM_SetCompare3), (4 bytes).
    Removing stm32f10x_tim.o(i.TIM_SetCompare4), (6 bytes).
    Removing stm32f10x_tim.o(i.TIM_SetCounter), (4 bytes).
    Removing stm32f10x_tim.o(i.TIM_SetIC1Prescaler), (16 bytes).
    Removing stm32f10x_tim.o(i.TIM_SetIC2Prescaler), (24 bytes).
    Removing stm32f10x_tim.o(i.TIM_SetIC3Prescaler), (16 bytes).
    Removing stm32f10x_tim.o(i.TIM_SetIC4Prescaler), (24 bytes).
    Removing stm32f10x_tim.o(i.TIM_TIxExternalClockConfig), (46 bytes).
    Removing stm32f10x_tim.o(i.TIM_TimeBaseInit), (156 bytes).
    Removing stm32f10x_tim.o(i.TIM_TimeBaseStructInit), (18 bytes).
    Removing stm32f10x_tim.o(i.TIM_UpdateDisableConfig), (20 bytes).
    Removing stm32f10x_tim.o(i.TIM_UpdateRequestConfig), (20 bytes).
    Removing stm32f10x_wwdg.o(i.WWDG_ClearFlag), (12 bytes).
    Removing stm32f10x_wwdg.o(i.WWDG_DeInit), (24 bytes).
    Removing stm32f10x_wwdg.o(i.WWDG_Enable), (16 bytes).
    Removing stm32f10x_wwdg.o(i.WWDG_EnableIT), (16 bytes).
    Removing stm32f10x_wwdg.o(i.WWDG_GetFlagStatus), (12 bytes).
    Removing stm32f10x_wwdg.o(i.WWDG_SetCounter), (16 bytes).
    Removing stm32f10x_wwdg.o(i.WWDG_SetPrescaler), (20 bytes).
    Removing stm32f10x_wwdg.o(i.WWDG_SetWindowValue), (28 bytes).
    Removing core_cm3.o(.emb_text), (32 bytes).
    Removing system_stm32f10x.o(i.SystemCoreClockUpdate), (160 bytes).
    Removing system_stm32f10x.o(.data), (20 bytes).
    Removing stm32_eval.o(i.SD_LowLevel_DeInit), (136 bytes).
    Removing stm32_eval.o(i.SD_LowLevel_Init), (228 bytes).
    Removing stm32_eval.o(i.STM_EVAL_COMInit), (156 bytes).
    Removing stm32_eval.o(i.STM_EVAL_LEDInit), (64 bytes).
    Removing stm32_eval.o(i.STM_EVAL_LEDOff), (24 bytes).
    Removing stm32_eval.o(i.STM_EVAL_LEDOn), (24 bytes).
    Removing stm32_eval.o(i.STM_EVAL_LEDToggle), (28 bytes).
    Removing stm32_eval.o(i.STM_EVAL_PBGetState), (24 bytes).
    Removing stm32_eval.o(i.STM_EVAL_PBInit), (156 bytes).
    Removing stm32_eval.o(i.sEE_LowLevel_DMAConfig), (44 bytes).
    Removing stm32_eval.o(i.sEE_LowLevel_DeInit), (160 bytes).
    Removing stm32_eval.o(i.sEE_LowLevel_Init), (220 bytes).
    Removing stm32_eval.o(.bss), (44 bytes).
    Removing stm32_eval.o(.constdata), (84 bytes).
    Removing stm32_eval.o(.data), (40 bytes).
    Removing stm32_eval_spi_sd.o(i.SD_DeInit), (4 bytes).
    Removing stm32_eval_spi_sd.o(i.SD_Detect), (36 bytes).
    Removing stm32_eval_spi_sd.o(i.SD_GetCIDRegister), (260 bytes).
    Removing stm32_eval_spi_sd.o(i.SD_GetCSDRegister), (424 bytes).
    Removing stm32_eval_spi_sd.o(i.SD_GetCardInfo), (44 bytes).
    Removing stm32_eval_spi_sd.o(i.SD_GetDataResponse), (50 bytes).
    Removing stm32_eval_spi_sd.o(i.SD_GetResponse), (36 bytes).
    Removing stm32_eval_spi_sd.o(i.SD_GetStatus), (60 bytes).
    Removing stm32_eval_spi_sd.o(i.SD_GoIdleState), (100 bytes).
    Removing stm32_eval_spi_sd.o(i.SD_Init), (40 bytes).
    Removing stm32_eval_spi_sd.o(i.SD_ReadBlock), (104 bytes).
    Removing stm32_eval_spi_sd.o(i.SD_ReadByte), (52 bytes).
    Removing stm32_eval_spi_sd.o(i.SD_ReadMultiBlocks), (132 bytes).
    Removing stm32_eval_spi_sd.o(i.SD_SendCmd), (54 bytes).
    Removing stm32_eval_spi_sd.o(i.SD_WriteBlock), (116 bytes).
    Removing stm32_eval_spi_sd.o(i.SD_WriteByte), (52 bytes).
    Removing stm32_eval_spi_sd.o(i.SD_WriteMultiBlocks), (140 bytes).
    Removing stm3210c_eval_lcd.o(i.LCD_ClearLine), (48 bytes).
    Removing stm3210c_eval_lcd.o(i.LCD_ClosedPolyLine), (34 bytes).
    Removing stm3210c_eval_lcd.o(i.LCD_ClosedPolyLineRelative), (6 bytes).
    Removing stm3210c_eval_lcd.o(i.LCD_DeInit), (120 bytes).
    Removing stm3210c_eval_lcd.o(i.LCD_DisplayOff), (8 bytes).
    Removing stm3210c_eval_lcd.o(i.LCD_DisplayOn), (10 bytes).
    Removing stm3210c_eval_lcd.o(i.LCD_DrawCircle), (236 bytes).
    Removing stm3210c_eval_lcd.o(i.LCD_DrawFullCircle), (196 bytes).
    Removing stm3210c_eval_lcd.o(i.LCD_DrawFullRect), (152 bytes).
    Removing stm3210c_eval_lcd.o(i.LCD_DrawMonoPict), (88 bytes).
    Removing stm3210c_eval_lcd.o(i.LCD_DrawUniLine), (188 bytes).
    Removing stm3210c_eval_lcd.o(i.LCD_FillPolyLine), (484 bytes).
    Removing stm3210c_eval_lcd.o(i.LCD_GetColors), (16 bytes).
    Removing stm3210c_eval_lcd.o(i.LCD_PolyLine), (42 bytes).
    Removing stm3210c_eval_lcd.o(i.LCD_PolyLineRelative), (6 bytes).
    Removing stm3210c_eval_lcd.o(i.LCD_PolyLineRelativeClosed), (98 bytes).
    Removing stm3210c_eval_lcd.o(i.LCD_PowerOn), (120 bytes).
    Removing stm3210c_eval_lcd.o(i.LCD_ReadReg), (192 bytes).
    Removing stm3210c_eval_lcd.o(i.LCD_SetColors), (24 bytes).
    Removing stm3210c_eval_lcd.o(i.LCD_SetDisplayWindow), (76 bytes).
    Removing stm3210c_eval_lcd.o(i.LCD_SetFont), (12 bytes).
    Removing stm3210c_eval_lcd.o(i.LCD_WindowModeDisable), (30 bytes).
    Removing stm3210c_eval_lcd.o(i.PutPixel), (28 bytes).
    Removing stm3210c_eval_lcd.o(.constdata), (2304 bytes).
    Removing stm3210c_eval_lcd.o(.constdata), (2304 bytes).
    Removing stm3210c_eval_lcd.o(.constdata), (1536 bytes).
    Removing stm3210c_eval_lcd.o(.data), (8 bytes).
    Removing stm3210c_eval_lcd.o(.data), (8 bytes).
    Removing stm3210c_eval_lcd.o(.data), (8 bytes).
    Removing stm3210c_eval_ioe.o(i.I2C_ReadDataBuffer), (380 bytes).
    Removing stm3210c_eval_ioe.o(i.I2C_ReadDeviceRegister), (360 bytes).
    Removing stm3210c_eval_ioe.o(i.I2C_WriteDeviceRegister), (296 bytes).
    Removing stm3210c_eval_ioe.o(i.IOE_ClearGITPending), (14 bytes).
    Removing stm3210c_eval_ioe.o(i.IOE_ClearIOITPending), (46 bytes).
    Removing stm3210c_eval_ioe.o(i.IOE_Config), (264 bytes).
    Removing stm3210c_eval_ioe.o(i.IOE_DMA_Config), (100 bytes).
    Removing stm3210c_eval_ioe.o(i.IOE_FnctCmd), (36 bytes).
    Removing stm3210c_eval_ioe.o(i.IOE_GITCmd), (32 bytes).
    Removing stm3210c_eval_ioe.o(i.IOE_GITConfig), (36 bytes).
    Removing stm3210c_eval_ioe.o(i.IOE_GPIO_Config), (116 bytes).
    Removing stm3210c_eval_ioe.o(i.IOE_GetGITStatus), (32 bytes).
    Removing stm3210c_eval_ioe.o(i.IOE_GetIOITStatus), (18 bytes).
    Removing stm3210c_eval_ioe.o(i.IOE_IOAFConfig), (36 bytes).
    Removing stm3210c_eval_ioe.o(i.IOE_IOEdgeConfig), (74 bytes).
    Removing stm3210c_eval_ioe.o(i.IOE_IOITConfig), (36 bytes).
    Removing stm3210c_eval_ioe.o(i.IOE_IOPinConfig), (36 bytes).
    Removing stm3210c_eval_ioe.o(i.IOE_ITConfig), (260 bytes).
    Removing stm3210c_eval_ioe.o(i.IOE_ITOutConfig), (60 bytes).
    Removing stm3210c_eval_ioe.o(i.IOE_IsOperational), (36 bytes).
    Removing stm3210c_eval_ioe.o(i.IOE_JoyStickGetState), (62 bytes).
    Removing stm3210c_eval_ioe.o(i.IOE_ReadID), (30 bytes).
    Removing stm3210c_eval_ioe.o(i.IOE_ReadIOPin), (40 bytes).
    Removing stm3210c_eval_ioe.o(i.IOE_Reset), (32 bytes).
    Removing stm3210c_eval_ioe.o(i.IOE_TS_Config), (188 bytes).
    Removing stm3210c_eval_ioe.o(i.IOE_TS_GetState), (188 bytes).
    Removing stm3210c_eval_ioe.o(i.IOE_TempSens_Config), (68 bytes).
    Removing stm3210c_eval_ioe.o(i.IOE_TempSens_GetData), (80 bytes).
    Removing stm3210c_eval_ioe.o(i.IOE_WriteIOPin), (42 bytes).
    Removing stm3210c_eval_ioe.o(i.delay), (28 bytes).
    Removing stm3210c_eval_ioe.o(.data), (24 bytes).
    Removing startup_stm32f10x_cl.o(HEAP), (512 bytes).

551 unused section(s) (total 29438 bytes) removed from the image.

==============================================================================

Image Symbol Table

    Local Symbols

    Symbol Name                              Value     Ov Type        Size  Object(Section)

    ../clib/microlib/division.c              0x00000000   Number         0  uldiv.o ABSOLUTE
    ../clib/microlib/division.c              0x00000000   Number         0  uidiv.o ABSOLUTE
    ../clib/microlib/errno.c                 0x00000000   Number         0  errno.o ABSOLUTE
    ../clib/microlib/init/entry.s            0x00000000   Number         0  entry8a.o ABSOLUTE
    ../clib/microlib/init/entry.s            0x00000000   Number         0  entry2.o ABSOLUTE
    ../clib/microlib/init/entry.s            0x00000000   Number         0  entry10a.o ABSOLUTE
    ../clib/microlib/init/entry.s            0x00000000   Number         0  entry5.o ABSOLUTE
    ../clib/microlib/init/entry.s            0x00000000   Number         0  entry7a.o ABSOLUTE
    ../clib/microlib/init/entry.s            0x00000000   Number         0  entry10b.o ABSOLUTE
    ../clib/microlib/init/entry.s            0x00000000   Number         0  entry7b.o ABSOLUTE
    ../clib/microlib/init/entry.s            0x00000000   Number         0  entry8b.o ABSOLUTE
    ../clib/microlib/init/entry.s            0x00000000   Number         0  entry9a.o ABSOLUTE
    ../clib/microlib/init/entry.s            0x00000000   Number         0  entry.o ABSOLUTE
    ../clib/microlib/init/entry.s            0x00000000   Number         0  entry9b.o ABSOLUTE
    ../clib/microlib/init/entry.s            0x00000000   Number         0  entry11a.o ABSOLUTE
    ../clib/microlib/init/entry.s            0x00000000   Number         0  entry11b.o ABSOLUTE
    ../clib/microlib/longlong.c              0x00000000   Number         0  llushr.o ABSOLUTE
    ../clib/microlib/longlong.c              0x00000000   Number         0  llsshr.o ABSOLUTE
    ../clib/microlib/longlong.c              0x00000000   Number         0  llshl.o ABSOLUTE
    ../clib/microlib/printf/printf.c         0x00000000   Number         0  printf2.o ABSOLUTE
    ../clib/microlib/printf/printf.c         0x00000000   Number         0  printf8.o ABSOLUTE
    ../clib/microlib/printf/printf.c         0x00000000   Number         0  printfa.o ABSOLUTE
    ../clib/microlib/printf/printf.c         0x00000000   Number         0  printf1.o ABSOLUTE
    ../clib/microlib/printf/printf.c         0x00000000   Number         0  printf7.o ABSOLUTE
    ../clib/microlib/printf/printf.c         0x00000000   Number         0  printf6.o ABSOLUTE
    ../clib/microlib/printf/printf.c         0x00000000   Number         0  printf5.o ABSOLUTE
    ../clib/microlib/printf/printf.c         0x00000000   Number         0  printf4.o ABSOLUTE
    ../clib/microlib/printf/printf.c         0x00000000   Number         0  printf3.o ABSOLUTE
    ../clib/microlib/printf/printf.c         0x00000000   Number         0  printfb.o ABSOLUTE
    ../clib/microlib/printf/printf.c         0x00000000   Number         0  printf0.o ABSOLUTE
    ../clib/microlib/printf/stubs.s          0x00000000   Number         0  stubs.o ABSOLUTE
    ../clib/microlib/stdio/fputc.c           0x00000000   Number         0  fputc.o ABSOLUTE
    ../clib/microlib/stdio/semi.s            0x00000000   Number         0  semi.o ABSOLUTE
    ../clib/microlib/stdio/streams.c         0x00000000   Number         0  stdout.o ABSOLUTE
    ../clib/microlib/stubs.s                 0x00000000   Number         0  iusesemip.o ABSOLUTE
    ../clib/microlib/stubs.s                 0x00000000   Number         0  iusefp.o ABSOLUTE
    ../fplib/microlib/d2f.c                  0x00000000   Number         0  d2f.o ABSOLUTE
    ../fplib/microlib/f2d.c                  0x00000000   Number         0  f2d.o ABSOLUTE
    ../fplib/microlib/fpadd.c                0x00000000   Number         0  dadd.o ABSOLUTE
    ../fplib/microlib/fpadd.c                0x00000000   Number         0  fadd.o ABSOLUTE
    ../fplib/microlib/fpdiv.c                0x00000000   Number         0  ddiv.o ABSOLUTE
    ../fplib/microlib/fpdiv.c                0x00000000   Number         0  fdiv.o ABSOLUTE
    ../fplib/microlib/fpepilogue.c           0x00000000   Number         0  fepilogue.o ABSOLUTE
    ../fplib/microlib/fpepilogue.c           0x00000000   Number         0  depilogue.o ABSOLUTE
    ../fplib/microlib/fpfix.c                0x00000000   Number         0  dfixui.o ABSOLUTE
    ../fplib/microlib/fpfix.c                0x00000000   Number         0  ffixui.o ABSOLUTE
    ../fplib/microlib/fpfix.c                0x00000000   Number         0  dfixi.o ABSOLUTE
    ../fplib/microlib/fpfix.c                0x00000000   Number         0  dfixul.o ABSOLUTE
    ../fplib/microlib/fpflt.c                0x00000000   Number         0  dflti.o ABSOLUTE
    ../fplib/microlib/fpflt.c                0x00000000   Number         0  ffltui.o ABSOLUTE
    ../fplib/microlib/fpflt.c                0x00000000   Number         0  dfltui.o ABSOLUTE
    ../fplib/microlib/fpmul.c                0x00000000   Number         0  dmul.o ABSOLUTE
    ../fplib/microlib/fpmul.c                0x00000000   Number         0  fmul.o ABSOLUTE
    ../fplib/microlib/fpscalb.c              0x00000000   Number         0  dscalb.o ABSOLUTE
    ../mathlib/cos.c                         0x00000000   Number         0  cos_x.o ABSOLUTE
    ../mathlib/cos.c                         0x00000000   Number         0  cos.o ABSOLUTE
    ../mathlib/cos_i.c                       0x00000000   Number         0  cos_i.o ABSOLUTE
    ../mathlib/dunder.c                      0x00000000   Number         0  dunder.o ABSOLUTE
    ../mathlib/floor.c                       0x00000000   Number         0  floor.o ABSOLUTE
    ../mathlib/fpclassify.c                  0x00000000   Number         0  fpclassify.o ABSOLUTE
    ../mathlib/poly.c                        0x00000000   Number         0  poly.o ABSOLUTE
    ../mathlib/rred.c                        0x00000000   Number         0  rred.o ABSOLUTE
    ../mathlib/sin_i.c                       0x00000000   Number         0  sin_i_x.o ABSOLUTE
    ../mathlib/sin_i.c                       0x00000000   Number         0  sin_i.o ABSOLUTE
    ..\..\..\Libraries\CMSIS\CM3\CoreSupport\core_cm3.c 0x00000000   Number         0  core_cm3.o ABSOLUTE
    ..\..\..\Libraries\CMSIS\CM3\DeviceSupport\ST\STM32F10x\startup\arm\startup_stm32f10x_cl.s 0x00000000   Number         0  startup_stm32f10x_cl.o ABSOLUTE
    ..\..\..\Libraries\STM32F10x_StdPeriph_Driver\src\misc.c 0x00000000   Number         0  misc.o ABSOLUTE
    ..\..\..\Libraries\STM32F10x_StdPeriph_Driver\src\stm32f10x_adc.c 0x00000000   Number         0  stm32f10x_adc.o ABSOLUTE
    ..\..\..\Libraries\STM32F10x_StdPeriph_Driver\src\stm32f10x_bkp.c 0x00000000   Number         0  stm32f10x_bkp.o ABSOLUTE
    ..\..\..\Libraries\STM32F10x_StdPeriph_Driver\src\stm32f10x_can.c 0x00000000   Number         0  stm32f10x_can.o ABSOLUTE
    ..\..\..\Libraries\STM32F10x_StdPeriph_Driver\src\stm32f10x_cec.c 0x00000000   Number         0  stm32f10x_cec.o ABSOLUTE
    ..\..\..\Libraries\STM32F10x_StdPeriph_Driver\src\stm32f10x_crc.c 0x00000000   Number         0  stm32f10x_crc.o ABSOLUTE
    ..\..\..\Libraries\STM32F10x_StdPeriph_Driver\src\stm32f10x_dac.c 0x00000000   Number         0  stm32f10x_dac.o ABSOLUTE
    ..\..\..\Libraries\STM32F10x_StdPeriph_Driver\src\stm32f10x_dbgmcu.c 0x00000000   Number         0  stm32f10x_dbgmcu.o ABSOLUTE
    ..\..\..\Libraries\STM32F10x_StdPeriph_Driver\src\stm32f10x_dma.c 0x00000000   Number         0  stm32f10x_dma.o ABSOLUTE
    ..\..\..\Libraries\STM32F10x_StdPeriph_Driver\src\stm32f10x_exti.c 0x00000000   Number         0  stm32f10x_exti.o ABSOLUTE
    ..\..\..\Libraries\STM32F10x_StdPeriph_Driver\src\stm32f10x_flash.c 0x00000000   Number         0  stm32f10x_flash.o ABSOLUTE
    ..\..\..\Libraries\STM32F10x_StdPeriph_Driver\src\stm32f10x_fsmc.c 0x00000000   Number         0  stm32f10x_fsmc.o ABSOLUTE
    ..\..\..\Libraries\STM32F10x_StdPeriph_Driver\src\stm32f10x_gpio.c 0x00000000   Number         0  stm32f10x_gpio.o ABSOLUTE
    ..\..\..\Libraries\STM32F10x_StdPeriph_Driver\src\stm32f10x_i2c.c 0x00000000   Number         0  stm32f10x_i2c.o ABSOLUTE
    ..\..\..\Libraries\STM32F10x_StdPeriph_Driver\src\stm32f10x_iwdg.c 0x00000000   Number         0  stm32f10x_iwdg.o ABSOLUTE
    ..\..\..\Libraries\STM32F10x_StdPeriph_Driver\src\stm32f10x_pwr.c 0x00000000   Number         0  stm32f10x_pwr.o ABSOLUTE
    ..\..\..\Libraries\STM32F10x_StdPeriph_Driver\src\stm32f10x_rcc.c 0x00000000   Number         0  stm32f10x_rcc.o ABSOLUTE
    ..\..\..\Libraries\STM32F10x_StdPeriph_Driver\src\stm32f10x_rtc.c 0x00000000   Number         0  stm32f10x_rtc.o ABSOLUTE
    ..\..\..\Libraries\STM32F10x_StdPeriph_Driver\src\stm32f10x_sdio.c 0x00000000   Number         0  stm32f10x_sdio.o ABSOLUTE
    ..\..\..\Libraries\STM32F10x_StdPeriph_Driver\src\stm32f10x_spi.c 0x00000000   Number         0  stm32f10x_spi.o ABSOLUTE
    ..\..\..\Libraries\STM32F10x_StdPeriph_Driver\src\stm32f10x_tim.c 0x00000000   Number         0  stm32f10x_tim.o ABSOLUTE
    ..\..\..\Libraries\STM32F10x_StdPeriph_Driver\src\stm32f10x_usart.c 0x00000000   Number         0  stm32f10x_usart.o ABSOLUTE
    ..\..\..\Libraries\STM32F10x_StdPeriph_Driver\src\stm32f10x_wwdg.c 0x00000000   Number         0  stm32f10x_wwdg.o ABSOLUTE
    ..\..\..\Utilities\STM32_EVAL\Common\stm32_eval_spi_sd.c 0x00000000   Number         0  stm32_eval_spi_sd.o ABSOLUTE
    ..\..\..\Utilities\STM32_EVAL\STM3210C_EVAL\stm3210c_eval_ioe.c 0x00000000   Number         0  stm3210c_eval_ioe.o ABSOLUTE
    ..\..\..\Utilities\STM32_EVAL\STM3210C_EVAL\stm3210c_eval_lcd.c 0x00000000   Number         0  stm3210c_eval_lcd.o ABSOLUTE
    ..\..\..\Utilities\STM32_EVAL\stm32_eval.c 0x00000000   Number         0  stm32_eval.o ABSOLUTE
    ..\\..\\..\\Libraries\\CMSIS\\CM3\\CoreSupport\\core_cm3.c 0x00000000   Number         0  core_cm3.o ABSOLUTE
    ..\main.c                                0x00000000   Number         0  main.o ABSOLUTE
    ..\stm32f10x_it.c                        0x00000000   Number         0  stm32f10x_it.o ABSOLUTE
    ..\system_stm32f10x.c                    0x00000000   Number         0  system_stm32f10x.o ABSOLUTE
    cdcmple.s                                0x00000000   Number         0  cdcmple.o ABSOLUTE
    cdrcmple.s                               0x00000000   Number         0  cdrcmple.o ABSOLUTE
    dc.s                                     0x00000000   Number         0  dc.o ABSOLUTE
    handlers.s                               0x00000000   Number         0  handlers.o ABSOLUTE
    init.s                                   0x00000000   Number         0  init.o ABSOLUTE
    RESET                                    0x08000000   Section      336  startup_stm32f10x_cl.o(RESET)
    .ARM.Collect$$$$00000000                 0x08000150   Section        0  entry.o(.ARM.Collect$$$$00000000)
    .ARM.Collect$$$$00000001                 0x08000150   Section        4  entry2.o(.ARM.Collect$$$$00000001)
    .ARM.Collect$$$$00000004                 0x08000154   Section        4  entry5.o(.ARM.Collect$$$$00000004)
    .ARM.Collect$$$$00000008                 0x08000158   Section        0  entry7b.o(.ARM.Collect$$$$00000008)
    .ARM.Collect$$$$0000000A                 0x08000158   Section        0  entry8b.o(.ARM.Collect$$$$0000000A)
    .ARM.Collect$$$$0000000B                 0x08000158   Section        8  entry9a.o(.ARM.Collect$$$$0000000B)
    .ARM.Collect$$$$0000000D                 0x08000160   Section        0  entry10a.o(.ARM.Collect$$$$0000000D)
    .ARM.Collect$$$$0000000F                 0x08000160   Section        0  entry11a.o(.ARM.Collect$$$$0000000F)
    .ARM.Collect$$$$00002712                 0x08000160   Section        4  entry2.o(.ARM.Collect$$$$00002712)
    __lit__00000000                          0x08000160   Data           4  entry2.o(.ARM.Collect$$$$00002712)
    .text                                    0x08000164   Section       36  startup_stm32f10x_cl.o(.text)
    .text                                    0x08000188   Section        0  fadd.o(.text)
    .text                                    0x08000238   Section        0  fmul.o(.text)
    .text                                    0x0800029c   Section        0  fdiv.o(.text)
    .text                                    0x08000318   Section        0  dadd.o(.text)
    .text                                    0x08000466   Section        0  dmul.o(.text)
    .text                                    0x0800054a   Section        0  ddiv.o(.text)
    .text                                    0x08000628   Section        0  ffltui.o(.text)
    .text                                    0x08000632   Section        0  dflti.o(.text)
    .text                                    0x08000654   Section        0  dfltui.o(.text)
    .text                                    0x0800066e   Section        0  ffixui.o(.text)
    .text                                    0x08000696   Section        0  dfixui.o(.text)
    .text                                    0x080006c8   Section        0  f2d.o(.text)
    .text                                    0x080006f0   Section       48  cdcmple.o(.text)
    .text                                    0x08000720   Section       48  cdrcmple.o(.text)
    .text                                    0x08000750   Section        0  d2f.o(.text)
    .text                                    0x08000788   Section        0  uidiv.o(.text)
    .text                                    0x080007b4   Section        0  uldiv.o(.text)
    .text                                    0x08000816   Section        0  llshl.o(.text)
    .text                                    0x08000834   Section        0  llushr.o(.text)
    .text                                    0x08000854   Section        0  llsshr.o(.text)
    .text                                    0x08000878   Section        0  iusefp.o(.text)
    .text                                    0x08000878   Section        0  fepilogue.o(.text)
    .text                                    0x080008e6   Section        0  depilogue.o(.text)
    .text                                    0x080009a0   Section        0  dfixul.o(.text)
    .text                                    0x080009d0   Section       36  init.o(.text)
    .text                                    0x080009f4   Section        0  dscalb.o(.text)
    .text                                    0x08000a22   Section        0  dfixi.o(.text)
    i.ADC_Cmd                                0x08000a60   Section        0  stm32f10x_adc.o(i.ADC_Cmd)
    i.ADC_Config                             0x08000a74   Section        0  main.o(i.ADC_Config)
    i.ADC_GetCalibrationStatus               0x08000ae0   Section        0  stm32f10x_adc.o(i.ADC_GetCalibrationStatus)
    i.ADC_GetConversionValue                 0x08000aee   Section        0  stm32f10x_adc.o(i.ADC_GetConversionValue)
    i.ADC_GetResetCalibrationStatus          0x08000af4   Section        0  stm32f10x_adc.o(i.ADC_GetResetCalibrationStatus)
    i.ADC_Init                               0x08000b04   Section        0  stm32f10x_adc.o(i.ADC_Init)
    i.ADC_RegularChannelConfig               0x08000b4c   Section        0  stm32f10x_adc.o(i.ADC_RegularChannelConfig)
    i.ADC_ResetCalibration                   0x08000bc0   Section        0  stm32f10x_adc.o(i.ADC_ResetCalibration)
    i.ADC_StartCalibration                   0x08000bca   Section        0  stm32f10x_adc.o(i.ADC_StartCalibration)
    i.BusFault_Handler                       0x08000bd4   Section        0  stm32f10x_it.o(i.BusFault_Handler)
    i.DebugMon_Handler                       0x08000bd6   Section        0  stm32f10x_it.o(i.DebugMon_Handler)
    i.EXTI0_Config                           0x08000bd8   Section        0  main.o(i.EXTI0_Config)
    i.EXTI0_IRQHandler                       0x08000c44   Section        0  stm32f10x_it.o(i.EXTI0_IRQHandler)
    i.EXTI15_10_Config                       0x08000d10   Section        0  main.o(i.EXTI15_10_Config)
    i.EXTI15_10_IRQHandler                   0x08000d80   Section        0  stm32f10x_it.o(i.EXTI15_10_IRQHandler)
    i.EXTI9_5_Config                         0x08000e50   Section        0  main.o(i.EXTI9_5_Config)
    i.EXTI9_5_IRQHandler                     0x08000ebc   Section        0  stm32f10x_it.o(i.EXTI9_5_IRQHandler)
    i.EXTI_ClearITPendingBit                 0x08000f78   Section        0  stm32f10x_exti.o(i.EXTI_ClearITPendingBit)
    i.EXTI_GetITStatus                       0x08000f84   Section        0  stm32f10x_exti.o(i.EXTI_GetITStatus)
    i.EXTI_Init                              0x08000fa4   Section        0  stm32f10x_exti.o(i.EXTI_Init)
    i.GPIO_Configuration                     0x08001014   Section        0  main.o(i.GPIO_Configuration)
    i.GPIO_EXTILineConfig                    0x08001030   Section        0  stm32f10x_gpio.o(i.GPIO_EXTILineConfig)
    i.GPIO_Init                              0x08001058   Section        0  stm32f10x_gpio.o(i.GPIO_Init)
    i.GPIO_PinRemapConfig                    0x080010fc   Section        0  stm32f10x_gpio.o(i.GPIO_PinRemapConfig)
    i.GPIO_WriteBit                          0x08001154   Section        0  stm32f10x_gpio.o(i.GPIO_WriteBit)
    i.HardFault_Handler                      0x0800115e   Section        0  stm32f10x_it.o(i.HardFault_Handler)
    i.LCD_Clear                              0x08001160   Section        0  stm3210c_eval_lcd.o(i.LCD_Clear)
    i.LCD_Config                             0x08001198   Section        0  main.o(i.LCD_Config)
    i.LCD_CtrlLinesConfig                    0x080011ac   Section        0  stm3210c_eval_lcd.o(i.LCD_CtrlLinesConfig)
    i.LCD_CtrlLinesWrite                     0x080011d8   Section        0  stm3210c_eval_lcd.o(i.LCD_CtrlLinesWrite)
    i.LCD_DisplayChar                        0x080011dc   Section        0  stm3210c_eval_lcd.o(i.LCD_DisplayChar)
    i.LCD_DisplayStringLine                  0x080011fc   Section        0  stm3210c_eval_lcd.o(i.LCD_DisplayStringLine)
    i.LCD_DrawChar                           0x08001238   Section        0  stm3210c_eval_lcd.o(i.LCD_DrawChar)
    i.LCD_DrawLine                           0x080012c4   Section        0  stm3210c_eval_lcd.o(i.LCD_DrawLine)
    i.LCD_DrawRect                           0x08001324   Section        0  stm3210c_eval_lcd.o(i.LCD_DrawRect)
    i.LCD_GetFont                            0x08001368   Section        0  stm3210c_eval_lcd.o(i.LCD_GetFont)
    i.LCD_SPIConfig                          0x08001374   Section        0  stm3210c_eval_lcd.o(i.LCD_SPIConfig)
    i.LCD_SetBackColor                       0x08001420   Section        0  stm3210c_eval_lcd.o(i.LCD_SetBackColor)
    i.LCD_SetCursor                          0x08001430   Section        0  stm3210c_eval_lcd.o(i.LCD_SetCursor)
    i.LCD_SetTextColor                       0x08001448   Section        0  stm3210c_eval_lcd.o(i.LCD_SetTextColor)
    i.LCD_Setup                              0x08001458   Section        0  stm3210c_eval_lcd.o(i.LCD_Setup)
    i.LCD_WriteRAM                           0x08001660   Section        0  stm3210c_eval_lcd.o(i.LCD_WriteRAM)
    i.LCD_WriteRAMWord                       0x08001694   Section        0  stm3210c_eval_lcd.o(i.LCD_WriteRAMWord)
    i.LCD_WriteRAM_Prepare                   0x080016b4   Section        0  stm3210c_eval_lcd.o(i.LCD_WriteRAM_Prepare)
    i.LCD_WriteReg                           0x080016c8   Section        0  stm3210c_eval_lcd.o(i.LCD_WriteReg)
    i.LCD_WriteRegIndex                      0x08001718   Section        0  stm3210c_eval_lcd.o(i.LCD_WriteRegIndex)
    i.LCD_nCS_StartByte                      0x08001764   Section        0  stm3210c_eval_lcd.o(i.LCD_nCS_StartByte)
    i.MemManage_Handler                      0x08001794   Section        0  stm32f10x_it.o(i.MemManage_Handler)
    i.NMI_Handler                            0x08001796   Section        0  stm32f10x_it.o(i.NMI_Handler)
    i.NVIC_Init                              0x08001798   Section        0  misc.o(i.NVIC_Init)
    i.NVIC_PriorityGroupConfig               0x080017fc   Section        0  misc.o(i.NVIC_PriorityGroupConfig)
    i.PendSV_Handler                         0x08001810   Section        0  stm32f10x_it.o(i.PendSV_Handler)
    i.Print_Circle                           0x08001814   Section        0  main.o(i.Print_Circle)
    i.RCC_ADCCLKConfig                       0x08001cc8   Section        0  stm32f10x_rcc.o(i.RCC_ADCCLKConfig)
    i.RCC_APB1PeriphClockCmd                 0x08001cdc   Section        0  stm32f10x_rcc.o(i.RCC_APB1PeriphClockCmd)
    i.RCC_APB1PeriphResetCmd                 0x08001cf4   Section        0  stm32f10x_rcc.o(i.RCC_APB1PeriphResetCmd)
    i.RCC_APB2PeriphClockCmd                 0x08001d0c   Section        0  stm32f10x_rcc.o(i.RCC_APB2PeriphClockCmd)
    i.RCC_APB2PeriphResetCmd                 0x08001d24   Section        0  stm32f10x_rcc.o(i.RCC_APB2PeriphResetCmd)
    i.RCC_Configuration                      0x08001d3c   Section        0  main.o(i.RCC_Configuration)
    i.SPI_Cmd                                0x08001d54   Section        0  stm32f10x_spi.o(i.SPI_Cmd)
    i.SPI_I2S_DeInit                         0x08001d68   Section        0  stm32f10x_spi.o(i.SPI_I2S_DeInit)
    i.SPI_I2S_GetFlagStatus                  0x08001dbc   Section        0  stm32f10x_spi.o(i.SPI_I2S_GetFlagStatus)
    i.SPI_I2S_SendData                       0x08001dca   Section        0  stm32f10x_spi.o(i.SPI_I2S_SendData)
    i.SPI_Init                               0x08001dce   Section        0  stm32f10x_spi.o(i.SPI_Init)
    i.STM3210C_LCD_Init                      0x08001e08   Section        0  stm3210c_eval_lcd.o(i.STM3210C_LCD_Init)
    i.SVC_Handler                            0x08001e1c   Section        0  stm32f10x_it.o(i.SVC_Handler)
    i.SetSysClockTo72                        0x08001e20   Section        0  system_stm32f10x.o(i.SetSysClockTo72)
    SetSysClockTo72                          0x08001e21   Thumb Code   190  system_stm32f10x.o(i.SetSysClockTo72)
    i.SysTick_Handler                        0x08001ef0   Section        0  stm32f10x_it.o(i.SysTick_Handler)
    i.SystemInit                             0x08001ef4   Section        0  system_stm32f10x.o(i.SystemInit)
    i.UsageFault_Handler                     0x08001f50   Section        0  stm32f10x_it.o(i.UsageFault_Handler)
    i.__0sprintf                             0x08001f54   Section        0  printfa.o(i.__0sprintf)
    i.__ARM_fpclassify                       0x08001f7c   Section        0  fpclassify.o(i.__ARM_fpclassify)
    i.__ieee754_rem_pio2                     0x08001fa4   Section        0  rred.o(i.__ieee754_rem_pio2)
    i.__kernel_cos                           0x0800232c   Section        0  cos_i.o(i.__kernel_cos)
    i.__kernel_poly                          0x08002428   Section        0  poly.o(i.__kernel_poly)
    i.__kernel_sin                           0x080024d4   Section        0  sin_i.o(i.__kernel_sin)
    i.__mathlib_dbl_infnan                   0x080025c0   Section        0  dunder.o(i.__mathlib_dbl_infnan)
    i.__mathlib_dbl_invalid                  0x080025c6   Section        0  dunder.o(i.__mathlib_dbl_invalid)
    i.__mathlib_dbl_underflow                0x080025d4   Section        0  dunder.o(i.__mathlib_dbl_underflow)
    i.__scatterload_copy                     0x080025e4   Section       14  handlers.o(i.__scatterload_copy)
    i.__scatterload_null                     0x080025f2   Section        2  handlers.o(i.__scatterload_null)
    i.__scatterload_zeroinit                 0x080025f4   Section       14  handlers.o(i.__scatterload_zeroinit)
    i.__set_errno                            0x08002604   Section        0  errno.o(i.__set_errno)
    i._fp_digits                             0x08002610   Section        0  printfa.o(i._fp_digits)
    _fp_digits                               0x08002611   Thumb Code   366  printfa.o(i._fp_digits)
    i._printf_core                           0x08002794   Section        0  printfa.o(i._printf_core)
    _printf_core                             0x08002795   Thumb Code  1744  printfa.o(i._printf_core)
    i._printf_post_padding                   0x08002e70   Section        0  printfa.o(i._printf_post_padding)
    _printf_post_padding                     0x08002e71   Thumb Code    36  printfa.o(i._printf_post_padding)
    i._printf_pre_padding                    0x08002e94   Section        0  printfa.o(i._printf_pre_padding)
    _printf_pre_padding                      0x08002e95   Thumb Code    46  printfa.o(i._printf_pre_padding)
    i._sputc                                 0x08002ec2   Section        0  printfa.o(i._sputc)
    _sputc                                   0x08002ec3   Thumb Code    10  printfa.o(i._sputc)
    i.cos                                    0x08002ecc   Section        0  cos.o(i.cos)
    i.delay                                  0x08002f68   Section        0  stm3210c_eval_lcd.o(i.delay)
    delay                                    0x08002f69   Thumb Code    22  stm3210c_eval_lcd.o(i.delay)
    i.floor                                  0x08002f84   Section        0  floor.o(i.floor)
    i.main                                   0x08003060   Section        0  main.o(i.main)
    .constdata                               0x0800312c   Section     4560  stm3210c_eval_lcd.o(.constdata)
    .constdata                               0x08004300   Section       48  cos_i.o(.constdata)
    C                                        0x08004300   Data          48  cos_i.o(.constdata)
    .constdata                               0x08004330   Section      200  rred.o(.constdata)
    pio2s                                    0x08004330   Data          48  rred.o(.constdata)
    twooverpi                                0x08004360   Data         152  rred.o(.constdata)
    .constdata                               0x080043f8   Section       40  sin_i.o(.constdata)
    S                                        0x080043f8   Data          40  sin_i.o(.constdata)
    .data                                    0x20000000   Section       32  main.o(.data)
    .data                                    0x20000020   Section       16  stm3210c_eval_lcd.o(.data)
    TextColor                                0x20000020   Data           2  stm3210c_eval_lcd.o(.data)
    BackColor                                0x20000022   Data           2  stm3210c_eval_lcd.o(.data)
    LCD_Currentfonts                         0x20000024   Data           4  stm3210c_eval_lcd.o(.data)
    .data                                    0x20000030   Section        4  errno.o(.data)
    _errno                                   0x20000030   Data           4  errno.o(.data)
    .bss                                     0x20000034   Section       48  main.o(.bss)
    STACK                                    0x20000068   Section     1024  startup_stm32f10x_cl.o(STACK)

    Global Symbols

    Symbol Name                              Value     Ov Type        Size  Object(Section)

    BuildAttributes$$THM_ISAv4$P$D$K$B$S$PE$A:L22UL41UL21$X:L11$S22US41US21$IEEE1$IW$USESV6$~STKCKD$USESV7$~SHL$OTIME$ROPI$IEEEX$EBA8$MICROLIB$REQ8$PRES8$EABIv2 0x00000000   Number         0  anon$$obj.o ABSOLUTE
    __ARM_use_no_argv                        0x00000000   Number         0  main.o ABSOLUTE
    _printf_a                                0x00000000   Number         0  stubs.o ABSOLUTE
    _printf_c                                0x00000000   Number         0  stubs.o ABSOLUTE
    _printf_charcount                        0x00000000   Number         0  stubs.o ABSOLUTE
    _printf_d                                0x00000000   Number         0  stubs.o ABSOLUTE
    _printf_e                                0x00000000   Number         0  stubs.o ABSOLUTE
    _printf_f                                0x00000000   Number         0  stubs.o ABSOLUTE
    _printf_flags                            0x00000000   Number         0  stubs.o ABSOLUTE
    _printf_fp_dec                           0x00000000   Number         0  stubs.o ABSOLUTE
    _printf_fp_hex                           0x00000000   Number         0  stubs.o ABSOLUTE
    _printf_g                                0x00000000   Number         0  stubs.o ABSOLUTE
    _printf_i                                0x00000000   Number         0  stubs.o ABSOLUTE
    _printf_int_dec                          0x00000000   Number         0  stubs.o ABSOLUTE
    _printf_l                                0x00000000   Number         0  stubs.o ABSOLUTE
    _printf_lc                               0x00000000   Number         0  stubs.o ABSOLUTE
    _printf_ll                               0x00000000   Number         0  stubs.o ABSOLUTE
    _printf_lld                              0x00000000   Number         0  stubs.o ABSOLUTE
    _printf_lli                              0x00000000   Number         0  stubs.o ABSOLUTE
    _printf_llo                              0x00000000   Number         0  stubs.o ABSOLUTE
    _printf_llu                              0x00000000   Number         0  stubs.o ABSOLUTE
    _printf_llx                              0x00000000   Number         0  stubs.o ABSOLUTE
    _printf_longlong_dec                     0x00000000   Number         0  stubs.o ABSOLUTE
    _printf_longlong_hex                     0x00000000   Number         0  stubs.o ABSOLUTE
    _printf_longlong_oct                     0x00000000   Number         0  stubs.o ABSOLUTE
    _printf_ls                               0x00000000   Number         0  stubs.o ABSOLUTE
    _printf_mbtowc                           0x00000000   Number         0  stubs.o ABSOLUTE
    _printf_n                                0x00000000   Number         0  stubs.o ABSOLUTE
    _printf_o                                0x00000000   Number         0  stubs.o ABSOLUTE
    _printf_p                                0x00000000   Number         0  stubs.o ABSOLUTE
    _printf_percent                          0x00000000   Number         0  stubs.o ABSOLUTE
    _printf_pre_padding                      0x00000000   Number         0  stubs.o ABSOLUTE
    _printf_return_value                     0x00000000   Number         0  stubs.o ABSOLUTE
    _printf_s                                0x00000000   Number         0  stubs.o ABSOLUTE
    _printf_sizespec                         0x00000000   Number         0  stubs.o ABSOLUTE
    _printf_str                              0x00000000   Number         0  stubs.o ABSOLUTE
    _printf_truncate_signed                  0x00000000   Number         0  stubs.o ABSOLUTE
    _printf_truncate_unsigned                0x00000000   Number         0  stubs.o ABSOLUTE
    _printf_u                                0x00000000   Number         0  stubs.o ABSOLUTE
    _printf_wc                               0x00000000   Number         0  stubs.o ABSOLUTE
    _printf_wctomb                           0x00000000   Number         0  stubs.o ABSOLUTE
    _printf_widthprec                        0x00000000   Number         0  stubs.o ABSOLUTE
    _printf_x                                0x00000000   Number         0  stubs.o ABSOLUTE
    __cpp_initialize__aeabi_                  - Undefined Weak Reference
    __cxa_finalize                            - Undefined Weak Reference
    __decompress                              - Undefined Weak Reference
    _clock_init                               - Undefined Weak Reference
    _microlib_exit                            - Undefined Weak Reference
    __Vectors_Size                           0x00000150   Number         0  startup_stm32f10x_cl.o ABSOLUTE
    __Vectors                                0x08000000   Data           4  startup_stm32f10x_cl.o(RESET)
    __Vectors_End                            0x08000150   Data           0  startup_stm32f10x_cl.o(RESET)
    __main                                   0x08000151   Thumb Code     0  entry.o(.ARM.Collect$$$$00000000)
    _main_stk                                0x08000151   Thumb Code     0  entry2.o(.ARM.Collect$$$$00000001)
    _main_scatterload                        0x08000155   Thumb Code     0  entry5.o(.ARM.Collect$$$$00000004)
    __main_after_scatterload                 0x08000159   Thumb Code     0  entry5.o(.ARM.Collect$$$$00000004)
    _main_clock                              0x08000159   Thumb Code     0  entry7b.o(.ARM.Collect$$$$00000008)
    _main_cpp_init                           0x08000159   Thumb Code     0  entry8b.o(.ARM.Collect$$$$0000000A)
    _main_init                               0x08000159   Thumb Code     0  entry9a.o(.ARM.Collect$$$$0000000B)
    __rt_final_cpp                           0x08000161   Thumb Code     0  entry10a.o(.ARM.Collect$$$$0000000D)
    __rt_final_exit                          0x08000161   Thumb Code     0  entry11a.o(.ARM.Collect$$$$0000000F)
    Reset_Handler                            0x08000165   Thumb Code     8  startup_stm32f10x_cl.o(.text)
    ADC1_2_IRQHandler                        0x0800017f   Thumb Code     0  startup_stm32f10x_cl.o(.text)
    CAN1_RX0_IRQHandler                      0x0800017f   Thumb Code     0  startup_stm32f10x_cl.o(.text)
    CAN1_RX1_IRQHandler                      0x0800017f   Thumb Code     0  startup_stm32f10x_cl.o(.text)
    CAN1_SCE_IRQHandler                      0x0800017f   Thumb Code     0  startup_stm32f10x_cl.o(.text)
    CAN1_TX_IRQHandler                       0x0800017f   Thumb Code     0  startup_stm32f10x_cl.o(.text)
    CAN2_RX0_IRQHandler                      0x0800017f   Thumb Code     0  startup_stm32f10x_cl.o(.text)
    CAN2_RX1_IRQHandler                      0x0800017f   Thumb Code     0  startup_stm32f10x_cl.o(.text)
    CAN2_SCE_IRQHandler                      0x0800017f   Thumb Code     0  startup_stm32f10x_cl.o(.text)
    CAN2_TX_IRQHandler                       0x0800017f   Thumb Code     0  startup_stm32f10x_cl.o(.text)
    DMA1_Channel1_IRQHandler                 0x0800017f   Thumb Code     0  startup_stm32f10x_cl.o(.text)
    DMA1_Channel2_IRQHandler                 0x0800017f   Thumb Code     0  startup_stm32f10x_cl.o(.text)
    DMA1_Channel3_IRQHandler                 0x0800017f   Thumb Code     0  startup_stm32f10x_cl.o(.text)
    DMA1_Channel4_IRQHandler                 0x0800017f   Thumb Code     0  startup_stm32f10x_cl.o(.text)
    DMA1_Channel5_IRQHandler                 0x0800017f   Thumb Code     0  startup_stm32f10x_cl.o(.text)
    DMA1_Channel6_IRQHandler                 0x0800017f   Thumb Code     0  startup_stm32f10x_cl.o(.text)
    DMA1_Channel7_IRQHandler                 0x0800017f   Thumb Code     0  startup_stm32f10x_cl.o(.text)
    DMA2_Channel1_IRQHandler                 0x0800017f   Thumb Code     0  startup_stm32f10x_cl.o(.text)
    DMA2_Channel2_IRQHandler                 0x0800017f   Thumb Code     0  startup_stm32f10x_cl.o(.text)
    DMA2_Channel3_IRQHandler                 0x0800017f   Thumb Code     0  startup_stm32f10x_cl.o(.text)
    DMA2_Channel4_IRQHandler                 0x0800017f   Thumb Code     0  startup_stm32f10x_cl.o(.text)
    DMA2_Channel5_IRQHandler                 0x0800017f   Thumb Code     0  startup_stm32f10x_cl.o(.text)
    ETH_IRQHandler                           0x0800017f   Thumb Code     0  startup_stm32f10x_cl.o(.text)
    ETH_WKUP_IRQHandler                      0x0800017f   Thumb Code     0  startup_stm32f10x_cl.o(.text)
    EXTI1_IRQHandler                         0x0800017f   Thumb Code     0  startup_stm32f10x_cl.o(.text)
    EXTI2_IRQHandler                         0x0800017f   Thumb Code     0  startup_stm32f10x_cl.o(.text)
    EXTI3_IRQHandler                         0x0800017f   Thumb Code     0  startup_stm32f10x_cl.o(.text)
    EXTI4_IRQHandler                         0x0800017f   Thumb Code     0  startup_stm32f10x_cl.o(.text)
    FLASH_IRQHandler                         0x0800017f   Thumb Code     0  startup_stm32f10x_cl.o(.text)
    I2C1_ER_IRQHandler                       0x0800017f   Thumb Code     0  startup_stm32f10x_cl.o(.text)
    I2C1_EV_IRQHandler                       0x0800017f   Thumb Code     0  startup_stm32f10x_cl.o(.text)
    I2C2_ER_IRQHandler                       0x0800017f   Thumb Code     0  startup_stm32f10x_cl.o(.text)
    I2C2_EV_IRQHandler                       0x0800017f   Thumb Code     0  startup_stm32f10x_cl.o(.text)
    OTG_FS_IRQHandler                        0x0800017f   Thumb Code     0  startup_stm32f10x_cl.o(.text)
    OTG_FS_WKUP_IRQHandler                   0x0800017f   Thumb Code     0  startup_stm32f10x_cl.o(.text)
    PVD_IRQHandler                           0x0800017f   Thumb Code     0  startup_stm32f10x_cl.o(.text)
    RCC_IRQHandler                           0x0800017f   Thumb Code     0  startup_stm32f10x_cl.o(.text)
    RTCAlarm_IRQHandler                      0x0800017f   Thumb Code     0  startup_stm32f10x_cl.o(.text)
    RTC_IRQHandler                           0x0800017f   Thumb Code     0  startup_stm32f10x_cl.o(.text)
    SPI1_IRQHandler                          0x0800017f   Thumb Code     0  startup_stm32f10x_cl.o(.text)
    SPI2_IRQHandler                          0x0800017f   Thumb Code     0  startup_stm32f10x_cl.o(.text)
    SPI3_IRQHandler                          0x0800017f   Thumb Code     0  startup_stm32f10x_cl.o(.text)
    TAMPER_IRQHandler                        0x0800017f   Thumb Code     0  startup_stm32f10x_cl.o(.text)
    TIM1_BRK_IRQHandler                      0x0800017f   Thumb Code     0  startup_stm32f10x_cl.o(.text)
    TIM1_CC_IRQHandler                       0x0800017f   Thumb Code     0  startup_stm32f10x_cl.o(.text)
    TIM1_TRG_COM_IRQHandler                  0x0800017f   Thumb Code     0  startup_stm32f10x_cl.o(.text)
    TIM1_UP_IRQHandler                       0x0800017f   Thumb Code     0  startup_stm32f10x_cl.o(.text)
    TIM2_IRQHandler                          0x0800017f   Thumb Code     0  startup_stm32f10x_cl.o(.text)
    TIM3_IRQHandler                          0x0800017f   Thumb Code     0  startup_stm32f10x_cl.o(.text)
    TIM4_IRQHandler                          0x0800017f   Thumb Code     0  startup_stm32f10x_cl.o(.text)
    TIM5_IRQHandler                          0x0800017f   Thumb Code     0  startup_stm32f10x_cl.o(.text)
    TIM6_IRQHandler                          0x0800017f   Thumb Code     0  startup_stm32f10x_cl.o(.text)
    TIM7_IRQHandler                          0x0800017f   Thumb Code     0  startup_stm32f10x_cl.o(.text)
    UART4_IRQHandler                         0x0800017f   Thumb Code     0  startup_stm32f10x_cl.o(.text)
    UART5_IRQHandler                         0x0800017f   Thumb Code     0  startup_stm32f10x_cl.o(.text)
    USART1_IRQHandler                        0x0800017f   Thumb Code     0  startup_stm32f10x_cl.o(.text)
    USART2_IRQHandler                        0x0800017f   Thumb Code     0  startup_stm32f10x_cl.o(.text)
    USART3_IRQHandler                        0x0800017f   Thumb Code     0  startup_stm32f10x_cl.o(.text)
    WWDG_IRQHandler                          0x0800017f   Thumb Code     0  startup_stm32f10x_cl.o(.text)
    __aeabi_fadd                             0x08000189   Thumb Code   164  fadd.o(.text)
    __aeabi_fsub                             0x0800022d   Thumb Code     6  fadd.o(.text)
    __aeabi_frsub                            0x08000233   Thumb Code     6  fadd.o(.text)
    __aeabi_fmul                             0x08000239   Thumb Code   100  fmul.o(.text)
    __aeabi_fdiv                             0x0800029d   Thumb Code   124  fdiv.o(.text)
    __aeabi_dadd                             0x08000319   Thumb Code   322  dadd.o(.text)
    __aeabi_dsub                             0x0800045b   Thumb Code     6  dadd.o(.text)
    __aeabi_drsub                            0x08000461   Thumb Code     6  dadd.o(.text)
    __aeabi_dmul                             0x08000467   Thumb Code   228  dmul.o(.text)
    __aeabi_ddiv                             0x0800054b   Thumb Code   222  ddiv.o(.text)
    __aeabi_ui2f                             0x08000629   Thumb Code    10  ffltui.o(.text)
    __aeabi_i2d                              0x08000633   Thumb Code    34  dflti.o(.text)
    __aeabi_ui2d                             0x08000655   Thumb Code    26  dfltui.o(.text)
    __aeabi_f2uiz                            0x0800066f   Thumb Code    40  ffixui.o(.text)
    __aeabi_d2uiz                            0x08000697   Thumb Code    50  dfixui.o(.text)
    __aeabi_f2d                              0x080006c9   Thumb Code    38  f2d.o(.text)
    __aeabi_cdcmpeq                          0x080006f1   Thumb Code     0  cdcmple.o(.text)
    __aeabi_cdcmple                          0x080006f1   Thumb Code    48  cdcmple.o(.text)
    __aeabi_cdrcmple                         0x08000721   Thumb Code    48  cdrcmple.o(.text)
    __aeabi_d2f                              0x08000751   Thumb Code    56  d2f.o(.text)
    __aeabi_uidiv                            0x08000789   Thumb Code     0  uidiv.o(.text)
    __aeabi_uidivmod                         0x08000789   Thumb Code    44  uidiv.o(.text)
    __aeabi_uldivmod                         0x080007b5   Thumb Code    98  uldiv.o(.text)
    __aeabi_llsl                             0x08000817   Thumb Code    30  llshl.o(.text)
    _ll_shift_l                              0x08000817   Thumb Code     0  llshl.o(.text)
    __aeabi_llsr                             0x08000835   Thumb Code    32  llushr.o(.text)
    _ll_ushift_r                             0x08000835   Thumb Code     0  llushr.o(.text)
    __aeabi_lasr                             0x08000855   Thumb Code    36  llsshr.o(.text)
    _ll_sshift_r                             0x08000855   Thumb Code     0  llsshr.o(.text)
    __I$use$fp                               0x08000879   Thumb Code     0  iusefp.o(.text)
    _float_round                             0x08000879   Thumb Code    18  fepilogue.o(.text)
    _float_epilogue                          0x0800088b   Thumb Code    92  fepilogue.o(.text)
    _double_round                            0x080008e7   Thumb Code    30  depilogue.o(.text)
    _double_epilogue                         0x08000905   Thumb Code   156  depilogue.o(.text)
    __aeabi_d2ulz                            0x080009a1   Thumb Code    48  dfixul.o(.text)
    __scatterload                            0x080009d1   Thumb Code    28  init.o(.text)
    __scatterload_rt2                        0x080009d1   Thumb Code     0  init.o(.text)
    __ARM_scalbn                             0x080009f5   Thumb Code    46  dscalb.o(.text)
    scalbn                                   0x080009f5   Thumb Code     0  dscalb.o(.text)
    __aeabi_d2iz                             0x08000a23   Thumb Code    62  dfixi.o(.text)
    ADC_Cmd                                  0x08000a61   Thumb Code    20  stm32f10x_adc.o(i.ADC_Cmd)
    ADC_Config                               0x08000a75   Thumb Code   100  main.o(i.ADC_Config)
    ADC_GetCalibrationStatus                 0x08000ae1   Thumb Code    14  stm32f10x_adc.o(i.ADC_GetCalibrationStatus)
    ADC_GetConversionValue                   0x08000aef   Thumb Code     6  stm32f10x_adc.o(i.ADC_GetConversionValue)
    ADC_GetResetCalibrationStatus            0x08000af5   Thumb Code    14  stm32f10x_adc.o(i.ADC_GetResetCalibrationStatus)
    ADC_Init                                 0x08000b05   Thumb Code    62  stm32f10x_adc.o(i.ADC_Init)
    ADC_RegularChannelConfig                 0x08000b4d   Thumb Code   116  stm32f10x_adc.o(i.ADC_RegularChannelConfig)
    ADC_ResetCalibration                     0x08000bc1   Thumb Code    10  stm32f10x_adc.o(i.ADC_ResetCalibration)
    ADC_StartCalibration                     0x08000bcb   Thumb Code    10  stm32f10x_adc.o(i.ADC_StartCalibration)
    BusFault_Handler                         0x08000bd5   Thumb Code     2  stm32f10x_it.o(i.BusFault_Handler)
    DebugMon_Handler                         0x08000bd7   Thumb Code     2  stm32f10x_it.o(i.DebugMon_Handler)
    EXTI0_Config                             0x08000bd9   Thumb Code   104  main.o(i.EXTI0_Config)
    EXTI0_IRQHandler                         0x08000c45   Thumb Code   166  stm32f10x_it.o(i.EXTI0_IRQHandler)
    EXTI15_10_Config                         0x08000d11   Thumb Code   108  main.o(i.EXTI15_10_Config)
    EXTI15_10_IRQHandler                     0x08000d81   Thumb Code   170  stm32f10x_it.o(i.EXTI15_10_IRQHandler)
    EXTI9_5_Config                           0x08000e51   Thumb Code   104  main.o(i.EXTI9_5_Config)
    EXTI9_5_IRQHandler                       0x08000ebd   Thumb Code   154  stm32f10x_it.o(i.EXTI9_5_IRQHandler)
    EXTI_ClearITPendingBit                   0x08000f79   Thumb Code     6  stm32f10x_exti.o(i.EXTI_ClearITPendingBit)
    EXTI_GetITStatus                         0x08000f85   Thumb Code    28  stm32f10x_exti.o(i.EXTI_GetITStatus)
    EXTI_Init                                0x08000fa5   Thumb Code   108  stm32f10x_exti.o(i.EXTI_Init)
    GPIO_Configuration                       0x08001015   Thumb Code    24  main.o(i.GPIO_Configuration)
    GPIO_EXTILineConfig                      0x08001031   Thumb Code    34  stm32f10x_gpio.o(i.GPIO_EXTILineConfig)
    GPIO_Init                                0x08001059   Thumb Code   162  stm32f10x_gpio.o(i.GPIO_Init)
    GPIO_PinRemapConfig                      0x080010fd   Thumb Code    82  stm32f10x_gpio.o(i.GPIO_PinRemapConfig)
    GPIO_WriteBit                            0x08001155   Thumb Code    10  stm32f10x_gpio.o(i.GPIO_WriteBit)
    HardFault_Handler                        0x0800115f   Thumb Code     2  stm32f10x_it.o(i.HardFault_Handler)
    LCD_Clear                                0x08001161   Thumb Code    50  stm3210c_eval_lcd.o(i.LCD_Clear)
    LCD_Config                               0x08001199   Thumb Code    18  main.o(i.LCD_Config)
    LCD_CtrlLinesConfig                      0x080011ad   Thumb Code    38  stm3210c_eval_lcd.o(i.LCD_CtrlLinesConfig)
    LCD_CtrlLinesWrite                       0x080011d9   Thumb Code     4  stm3210c_eval_lcd.o(i.LCD_CtrlLinesWrite)
    LCD_DisplayChar                          0x080011dd   Thumb Code    26  stm3210c_eval_lcd.o(i.LCD_DisplayChar)
    LCD_DisplayStringLine                    0x080011fd   Thumb Code    56  stm3210c_eval_lcd.o(i.LCD_DisplayStringLine)
    LCD_DrawChar                             0x08001239   Thumb Code   132  stm3210c_eval_lcd.o(i.LCD_DrawChar)
    LCD_DrawLine                             0x080012c5   Thumb Code    86  stm3210c_eval_lcd.o(i.LCD_DrawLine)
    LCD_DrawRect                             0x08001325   Thumb Code    66  stm3210c_eval_lcd.o(i.LCD_DrawRect)
    LCD_GetFont                              0x08001369   Thumb Code     6  stm3210c_eval_lcd.o(i.LCD_GetFont)
    LCD_SPIConfig                            0x08001375   Thumb Code   158  stm3210c_eval_lcd.o(i.LCD_SPIConfig)
    LCD_SetBackColor                         0x08001421   Thumb Code    12  stm3210c_eval_lcd.o(i.LCD_SetBackColor)
    LCD_SetCursor                            0x08001431   Thumb Code    24  stm3210c_eval_lcd.o(i.LCD_SetCursor)
    LCD_SetTextColor                         0x08001449   Thumb Code    12  stm3210c_eval_lcd.o(i.LCD_SetTextColor)
    LCD_Setup                                0x08001459   Thumb Code   518  stm3210c_eval_lcd.o(i.LCD_Setup)
    LCD_WriteRAM                             0x08001661   Thumb Code    48  stm3210c_eval_lcd.o(i.LCD_WriteRAM)
    LCD_WriteRAMWord                         0x08001695   Thumb Code    28  stm3210c_eval_lcd.o(i.LCD_WriteRAMWord)
    LCD_WriteRAM_Prepare                     0x080016b5   Thumb Code    18  stm3210c_eval_lcd.o(i.LCD_WriteRAM_Prepare)
    LCD_WriteReg                             0x080016c9   Thumb Code    70  stm3210c_eval_lcd.o(i.LCD_WriteReg)
    LCD_WriteRegIndex                        0x08001719   Thumb Code    66  stm3210c_eval_lcd.o(i.LCD_WriteRegIndex)
    LCD_nCS_StartByte                        0x08001765   Thumb Code    38  stm3210c_eval_lcd.o(i.LCD_nCS_StartByte)
    MemManage_Handler                        0x08001795   Thumb Code     2  stm32f10x_it.o(i.MemManage_Handler)
    NMI_Handler                              0x08001797   Thumb Code     2  stm32f10x_it.o(i.NMI_Handler)
    NVIC_Init                                0x08001799   Thumb Code    94  misc.o(i.NVIC_Init)
    NVIC_PriorityGroupConfig                 0x080017fd   Thumb Code    10  misc.o(i.NVIC_PriorityGroupConfig)
    PendSV_Handler                           0x08001811   Thumb Code     2  stm32f10x_it.o(i.PendSV_Handler)
    Print_Circle                             0x08001815   Thumb Code  1202  main.o(i.Print_Circle)
    RCC_ADCCLKConfig                         0x08001cc9   Thumb Code    14  stm32f10x_rcc.o(i.RCC_ADCCLKConfig)
    RCC_APB1PeriphClockCmd                   0x08001cdd   Thumb Code    18  stm32f10x_rcc.o(i.RCC_APB1PeriphClockCmd)
    RCC_APB1PeriphResetCmd                   0x08001cf5   Thumb Code    18  stm32f10x_rcc.o(i.RCC_APB1PeriphResetCmd)
    RCC_APB2PeriphClockCmd                   0x08001d0d   Thumb Code    18  stm32f10x_rcc.o(i.RCC_APB2PeriphClockCmd)
    RCC_APB2PeriphResetCmd                   0x08001d25   Thumb Code    18  stm32f10x_rcc.o(i.RCC_APB2PeriphResetCmd)
    RCC_Configuration                        0x08001d3d   Thumb Code    24  main.o(i.RCC_Configuration)
    SPI_Cmd                                  0x08001d55   Thumb Code    20  stm32f10x_spi.o(i.SPI_Cmd)
    SPI_I2S_DeInit                           0x08001d69   Thumb Code    72  stm32f10x_spi.o(i.SPI_I2S_DeInit)
    SPI_I2S_GetFlagStatus                    0x08001dbd   Thumb Code    14  stm32f10x_spi.o(i.SPI_I2S_GetFlagStatus)
    SPI_I2S_SendData                         0x08001dcb   Thumb Code     4  stm32f10x_spi.o(i.SPI_I2S_SendData)
    SPI_Init                                 0x08001dcf   Thumb Code    56  stm32f10x_spi.o(i.SPI_Init)
    STM3210C_LCD_Init                        0x08001e09   Thumb Code    16  stm3210c_eval_lcd.o(i.STM3210C_LCD_Init)
    SVC_Handler                              0x08001e1d   Thumb Code     2  stm32f10x_it.o(i.SVC_Handler)
    SysTick_Handler                          0x08001ef1   Thumb Code     2  stm32f10x_it.o(i.SysTick_Handler)
    SystemInit                               0x08001ef5   Thumb Code    76  system_stm32f10x.o(i.SystemInit)
    UsageFault_Handler                       0x08001f51   Thumb Code     2  stm32f10x_it.o(i.UsageFault_Handler)
    __0sprintf                               0x08001f55   Thumb Code    34  printfa.o(i.__0sprintf)
    __1sprintf                               0x08001f55   Thumb Code     0  printfa.o(i.__0sprintf)
    __2sprintf                               0x08001f55   Thumb Code     0  printfa.o(i.__0sprintf)
    __c89sprintf                             0x08001f55   Thumb Code     0  printfa.o(i.__0sprintf)
    sprintf                                  0x08001f55   Thumb Code     0  printfa.o(i.__0sprintf)
    __ARM_fpclassify                         0x08001f7d   Thumb Code    40  fpclassify.o(i.__ARM_fpclassify)
    __ieee754_rem_pio2                       0x08001fa5   Thumb Code   828  rred.o(i.__ieee754_rem_pio2)
    __kernel_cos                             0x0800232d   Thumb Code   230  cos_i.o(i.__kernel_cos)
    __kernel_poly                            0x08002429   Thumb Code   170  poly.o(i.__kernel_poly)
    __kernel_sin                             0x080024d5   Thumb Code   224  sin_i.o(i.__kernel_sin)
    __mathlib_dbl_infnan                     0x080025c1   Thumb Code     6  dunder.o(i.__mathlib_dbl_infnan)
    __mathlib_dbl_invalid                    0x080025c7   Thumb Code    12  dunder.o(i.__mathlib_dbl_invalid)
    __mathlib_dbl_underflow                  0x080025d5   Thumb Code    10  dunder.o(i.__mathlib_dbl_underflow)
    __scatterload_copy                       0x080025e5   Thumb Code    14  handlers.o(i.__scatterload_copy)
    __scatterload_null                       0x080025f3   Thumb Code     2  handlers.o(i.__scatterload_null)
    __scatterload_zeroinit                   0x080025f5   Thumb Code    14  handlers.o(i.__scatterload_zeroinit)
    __set_errno                              0x08002605   Thumb Code     6  errno.o(i.__set_errno)
    cos                                      0x08002ecd   Thumb Code   148  cos.o(i.cos)
    floor                                    0x08002f85   Thumb Code   204  floor.o(i.floor)
    main                                     0x08003061   Thumb Code   170  main.o(i.main)
    ASCII16x24_Table                         0x0800312c   Data        4560  stm3210c_eval_lcd.o(.constdata)
    Region$$Table$$Base                      0x08004420   Number         0  anon$$obj.o(Region$$Table)
    Region$$Table$$Limit                     0x08004440   Number         0  anon$$obj.o(Region$$Table)
    x                                        0x20000000   Data           4  main.o(.data)
    i                                        0x20000004   Data           4  main.o(.data)
    frekans                                  0x20000008   Data           4  main.o(.data)
    sqfrekans                                0x2000000c   Data           4  main.o(.data)
    value                                    0x20000010   Data           4  main.o(.data)
    squf                                     0x20000014   Data           4  main.o(.data)
    secim                                    0x20000018   Data           4  main.o(.data)
    mazgal                                   0x2000001c   Data           4  main.o(.data)
    Font16x24                                0x20000028   Data           8  stm3210c_eval_lcd.o(.data)
    buffer                                   0x20000034   Data          25  main.o(.bss)
    ADC_InitStructure                        0x20000050   Data          20  main.o(.bss)
    __initial_sp                             0x20000468   Data           0  startup_stm32f10x_cl.o(STACK)



==============================================================================

Memory Map of the image

  Image Entry point : 0x08000151

  Load Region LR_IROM1 (Base: 0x08000000, Size: 0x00004474, Max: 0x00040000, ABSOLUTE)

    Execution Region ER_IROM1 (Exec base: 0x08000000, Load base: 0x08000000, Size: 0x00004440, Max: 0x00040000, ABSOLUTE)

    Exec Addr    Load Addr    Size         Type   Attr      Idx    E Section Name        Object

    0x08000000   0x08000000   0x00000150   Data   RO         4110    RESET               startup_stm32f10x_cl.o
    0x08000150   0x08000150   0x00000000   Code   RO         4127  * .ARM.Collect$$$$00000000  mc_w.l(entry.o)
    0x08000150   0x08000150   0x00000004   Code   RO         4449    .ARM.Collect$$$$00000001  mc_w.l(entry2.o)
    0x08000154   0x08000154   0x00000004   Code   RO         4452    .ARM.Collect$$$$00000004  mc_w.l(entry5.o)
    0x08000158   0x08000158   0x00000000   Code   RO         4454    .ARM.Collect$$$$00000008  mc_w.l(entry7b.o)
    0x08000158   0x08000158   0x00000000   Code   RO         4456    .ARM.Collect$$$$0000000A  mc_w.l(entry8b.o)
    0x08000158   0x08000158   0x00000008   Code   RO         4457    .ARM.Collect$$$$0000000B  mc_w.l(entry9a.o)
    0x08000160   0x08000160   0x00000000   Code   RO         4459    .ARM.Collect$$$$0000000D  mc_w.l(entry10a.o)
    0x08000160   0x08000160   0x00000000   Code   RO         4461    .ARM.Collect$$$$0000000F  mc_w.l(entry11a.o)
    0x08000160   0x08000160   0x00000004   Code   RO         4450    .ARM.Collect$$$$00002712  mc_w.l(entry2.o)
    0x08000164   0x08000164   0x00000024   Code   RO         4111    .text               startup_stm32f10x_cl.o
    0x08000188   0x08000188   0x000000b0   Code   RO         4391    .text               mf_w.l(fadd.o)
    0x08000238   0x08000238   0x00000064   Code   RO         4393    .text               mf_w.l(fmul.o)
    0x0800029c   0x0800029c   0x0000007c   Code   RO         4395    .text               mf_w.l(fdiv.o)
    0x08000318   0x08000318   0x0000014e   Code   RO         4397    .text               mf_w.l(dadd.o)
    0x08000466   0x08000466   0x000000e4   Code   RO         4399    .text               mf_w.l(dmul.o)
    0x0800054a   0x0800054a   0x000000de   Code   RO         4401    .text               mf_w.l(ddiv.o)
    0x08000628   0x08000628   0x0000000a   Code   RO         4403    .text               mf_w.l(ffltui.o)
    0x08000632   0x08000632   0x00000022   Code   RO         4405    .text               mf_w.l(dflti.o)
    0x08000654   0x08000654   0x0000001a   Code   RO         4407    .text               mf_w.l(dfltui.o)
    0x0800066e   0x0800066e   0x00000028   Code   RO         4409    .text               mf_w.l(ffixui.o)
    0x08000696   0x08000696   0x00000032   Code   RO         4411    .text               mf_w.l(dfixui.o)
    0x080006c8   0x080006c8   0x00000026   Code   RO         4413    .text               mf_w.l(f2d.o)
    0x080006ee   0x080006ee   0x00000002   PAD
    0x080006f0   0x080006f0   0x00000030   Code   RO         4415    .text               mf_w.l(cdcmple.o)
    0x08000720   0x08000720   0x00000030   Code   RO         4417    .text               mf_w.l(cdrcmple.o)
    0x08000750   0x08000750   0x00000038   Code   RO         4419    .text               mf_w.l(d2f.o)
    0x08000788   0x08000788   0x0000002c   Code   RO         4466    .text               mc_w.l(uidiv.o)
    0x080007b4   0x080007b4   0x00000062   Code   RO         4468    .text               mc_w.l(uldiv.o)
    0x08000816   0x08000816   0x0000001e   Code   RO         4470    .text               mc_w.l(llshl.o)
    0x08000834   0x08000834   0x00000020   Code   RO         4472    .text               mc_w.l(llushr.o)
    0x08000854   0x08000854   0x00000024   Code   RO         4474    .text               mc_w.l(llsshr.o)
    0x08000878   0x08000878   0x00000000   Code   RO         4483    .text               mc_w.l(iusefp.o)
    0x08000878   0x08000878   0x0000006e   Code   RO         4484    .text               mf_w.l(fepilogue.o)
    0x080008e6   0x080008e6   0x000000ba   Code   RO         4486    .text               mf_w.l(depilogue.o)
    0x080009a0   0x080009a0   0x00000030   Code   RO         4488    .text               mf_w.l(dfixul.o)
    0x080009d0   0x080009d0   0x00000024   Code   RO         4494    .text               mc_w.l(init.o)
    0x080009f4   0x080009f4   0x0000002e   Code   RO         4498    .text               mf_w.l(dscalb.o)
    0x08000a22   0x08000a22   0x0000003e   Code   RO         4500    .text               mf_w.l(dfixi.o)
    0x08000a60   0x08000a60   0x00000014   Code   RO         1750    i.ADC_Cmd           stm32f10x_adc.o
    0x08000a74   0x08000a74   0x0000006c   Code   RO          171    i.ADC_Config        main.o
    0x08000ae0   0x08000ae0   0x0000000e   Code   RO         1758    i.ADC_GetCalibrationStatus  stm32f10x_adc.o
    0x08000aee   0x08000aee   0x00000006   Code   RO         1759    i.ADC_GetConversionValue  stm32f10x_adc.o
    0x08000af4   0x08000af4   0x0000000e   Code   RO         1764    i.ADC_GetResetCalibrationStatus  stm32f10x_adc.o
    0x08000b02   0x08000b02   0x00000002   PAD
    0x08000b04   0x08000b04   0x00000048   Code   RO         1768    i.ADC_Init          stm32f10x_adc.o
    0x08000b4c   0x08000b4c   0x00000074   Code   RO         1772    i.ADC_RegularChannelConfig  stm32f10x_adc.o
    0x08000bc0   0x08000bc0   0x0000000a   Code   RO         1773    i.ADC_ResetCalibration  stm32f10x_adc.o
    0x08000bca   0x08000bca   0x0000000a   Code   RO         1777    i.ADC_StartCalibration  stm32f10x_adc.o
    0x08000bd4   0x08000bd4   0x00000002   Code   RO            1    i.BusFault_Handler  stm32f10x_it.o
    0x08000bd6   0x08000bd6   0x00000002   Code   RO            2    i.DebugMon_Handler  stm32f10x_it.o
    0x08000bd8   0x08000bd8   0x0000006c   Code   RO          172    i.EXTI0_Config      main.o
    0x08000c44   0x08000c44   0x000000cc   Code   RO            3    i.EXTI0_IRQHandler  stm32f10x_it.o
    0x08000d10   0x08000d10   0x00000070   Code   RO          173    i.EXTI15_10_Config  main.o
    0x08000d80   0x08000d80   0x000000d0   Code   RO            4    i.EXTI15_10_IRQHandler  stm32f10x_it.o
    0x08000e50   0x08000e50   0x0000006c   Code   RO          174    i.EXTI9_5_Config    main.o
    0x08000ebc   0x08000ebc   0x000000bc   Code   RO            5    i.EXTI9_5_IRQHandler  stm32f10x_it.o
    0x08000f78   0x08000f78   0x0000000c   Code   RO          764    i.EXTI_ClearITPendingBit  stm32f10x_exti.o
    0x08000f84   0x08000f84   0x00000020   Code   RO          768    i.EXTI_GetITStatus  stm32f10x_exti.o
    0x08000fa4   0x08000fa4   0x00000070   Code   RO          769    i.EXTI_Init         stm32f10x_exti.o
    0x08001014   0x08001014   0x0000001c   Code   RO          175    i.GPIO_Configuration  main.o
    0x08001030   0x08001030   0x00000028   Code   RO          607    i.GPIO_EXTILineConfig  stm32f10x_gpio.o
    0x08001058   0x08001058   0x000000a2   Code   RO          610    i.GPIO_Init         stm32f10x_gpio.o
    0x080010fa   0x080010fa   0x00000002   PAD
    0x080010fc   0x080010fc   0x00000058   Code   RO          612    i.GPIO_PinRemapConfig  stm32f10x_gpio.o
    0x08001154   0x08001154   0x0000000a   Code   RO          621    i.GPIO_WriteBit     stm32f10x_gpio.o
    0x0800115e   0x0800115e   0x00000002   Code   RO            6    i.HardFault_Handler  stm32f10x_it.o
    0x08001160   0x08001160   0x00000038   Code   RO         3644    i.LCD_Clear         stm3210c_eval_lcd.o
    0x08001198   0x08001198   0x00000012   Code   RO          176    i.LCD_Config        main.o
    0x080011aa   0x080011aa   0x00000002   PAD
    0x080011ac   0x080011ac   0x0000002c   Code   RO         3648    i.LCD_CtrlLinesConfig  stm3210c_eval_lcd.o
    0x080011d8   0x080011d8   0x00000004   Code   RO         3649    i.LCD_CtrlLinesWrite  stm3210c_eval_lcd.o
    0x080011dc   0x080011dc   0x00000020   Code   RO         3651    i.LCD_DisplayChar   stm3210c_eval_lcd.o
    0x080011fc   0x080011fc   0x0000003c   Code   RO         3654    i.LCD_DisplayStringLine  stm3210c_eval_lcd.o
    0x08001238   0x08001238   0x0000008c   Code   RO         3655    i.LCD_DrawChar      stm3210c_eval_lcd.o
    0x080012c4   0x080012c4   0x00000060   Code   RO         3659    i.LCD_DrawLine      stm3210c_eval_lcd.o
    0x08001324   0x08001324   0x00000042   Code   RO         3661    i.LCD_DrawRect      stm3210c_eval_lcd.o
    0x08001366   0x08001366   0x00000002   PAD
    0x08001368   0x08001368   0x0000000c   Code   RO         3665    i.LCD_GetFont       stm3210c_eval_lcd.o
    0x08001374   0x08001374   0x000000ac   Code   RO         3671    i.LCD_SPIConfig     stm3210c_eval_lcd.o
    0x08001420   0x08001420   0x00000010   Code   RO         3672    i.LCD_SetBackColor  stm3210c_eval_lcd.o
    0x08001430   0x08001430   0x00000018   Code   RO         3674    i.LCD_SetCursor     stm3210c_eval_lcd.o
    0x08001448   0x08001448   0x00000010   Code   RO         3677    i.LCD_SetTextColor  stm3210c_eval_lcd.o
    0x08001458   0x08001458   0x00000206   Code   RO         3678    i.LCD_Setup         stm3210c_eval_lcd.o
    0x0800165e   0x0800165e   0x00000002   PAD
    0x08001660   0x08001660   0x00000034   Code   RO         3680    i.LCD_WriteRAM      stm3210c_eval_lcd.o
    0x08001694   0x08001694   0x00000020   Code   RO         3681    i.LCD_WriteRAMWord  stm3210c_eval_lcd.o
    0x080016b4   0x080016b4   0x00000012   Code   RO         3682    i.LCD_WriteRAM_Prepare  stm3210c_eval_lcd.o
    0x080016c6   0x080016c6   0x00000002   PAD
    0x080016c8   0x080016c8   0x00000050   Code   RO         3683    i.LCD_WriteReg      stm3210c_eval_lcd.o
    0x08001718   0x08001718   0x0000004c   Code   RO         3684    i.LCD_WriteRegIndex  stm3210c_eval_lcd.o
    0x08001764   0x08001764   0x00000030   Code   RO         3685    i.LCD_nCS_StartByte  stm3210c_eval_lcd.o
    0x08001794   0x08001794   0x00000002   Code   RO            7    i.MemManage_Handler  stm32f10x_it.o
    0x08001796   0x08001796   0x00000002   Code   RO            8    i.NMI_Handler       stm32f10x_it.o
    0x08001798   0x08001798   0x00000064   Code   RO          724    i.NVIC_Init         misc.o
    0x080017fc   0x080017fc   0x00000014   Code   RO          725    i.NVIC_PriorityGroupConfig  misc.o
    0x08001810   0x08001810   0x00000002   Code   RO            9    i.PendSV_Handler    stm32f10x_it.o
    0x08001812   0x08001812   0x00000002   PAD
    0x08001814   0x08001814   0x000004b2   Code   RO          177    i.Print_Circle      main.o
    0x08001cc6   0x08001cc6   0x00000002   PAD
    0x08001cc8   0x08001cc8   0x00000014   Code   RO          281    i.RCC_ADCCLKConfig  stm32f10x_rcc.o
    0x08001cdc   0x08001cdc   0x00000018   Code   RO          284    i.RCC_APB1PeriphClockCmd  stm32f10x_rcc.o
    0x08001cf4   0x08001cf4   0x00000018   Code   RO          285    i.RCC_APB1PeriphResetCmd  stm32f10x_rcc.o
    0x08001d0c   0x08001d0c   0x00000018   Code   RO          286    i.RCC_APB2PeriphClockCmd  stm32f10x_rcc.o
    0x08001d24   0x08001d24   0x00000018   Code   RO          287    i.RCC_APB2PeriphResetCmd  stm32f10x_rcc.o
    0x08001d3c   0x08001d3c   0x00000018   Code   RO          178    i.RCC_Configuration  main.o
    0x08001d54   0x08001d54   0x00000014   Code   RO          825    i.SPI_Cmd           stm32f10x_spi.o
    0x08001d68   0x08001d68   0x00000054   Code   RO          832    i.SPI_I2S_DeInit    stm32f10x_spi.o
    0x08001dbc   0x08001dbc   0x0000000e   Code   RO          833    i.SPI_I2S_GetFlagStatus  stm32f10x_spi.o
    0x08001dca   0x08001dca   0x00000004   Code   RO          837    i.SPI_I2S_SendData  stm32f10x_spi.o
    0x08001dce   0x08001dce   0x00000038   Code   RO          838    i.SPI_Init          stm32f10x_spi.o
    0x08001e06   0x08001e06   0x00000002   PAD
    0x08001e08   0x08001e08   0x00000014   Code   RO         3687    i.STM3210C_LCD_Init  stm3210c_eval_lcd.o
    0x08001e1c   0x08001e1c   0x00000002   Code   RO           10    i.SVC_Handler       stm32f10x_it.o
    0x08001e1e   0x08001e1e   0x00000002   PAD
    0x08001e20   0x08001e20   0x000000d0   Code   RO         3412    i.SetSysClockTo72   system_stm32f10x.o
    0x08001ef0   0x08001ef0   0x00000002   Code   RO           11    i.SysTick_Handler   stm32f10x_it.o
    0x08001ef2   0x08001ef2   0x00000002   PAD
    0x08001ef4   0x08001ef4   0x0000005c   Code   RO         3414    i.SystemInit        system_stm32f10x.o
    0x08001f50   0x08001f50   0x00000002   Code   RO           12    i.UsageFault_Handler  stm32f10x_it.o
    0x08001f52   0x08001f52   0x00000002   PAD
    0x08001f54   0x08001f54   0x00000028   Code   RO         4365    i.__0sprintf        mc_w.l(printfa.o)
    0x08001f7c   0x08001f7c   0x00000028   Code   RO         4490    i.__ARM_fpclassify  m_ws.l(fpclassify.o)
    0x08001fa4   0x08001fa4   0x00000388   Code   RO         4438    i.__ieee754_rem_pio2  m_ws.l(rred.o)
    0x0800232c   0x0800232c   0x000000fc   Code   RO         4421    i.__kernel_cos      m_ws.l(cos_i.o)
    0x08002428   0x08002428   0x000000aa   Code   RO         4492    i.__kernel_poly     m_ws.l(poly.o)
    0x080024d2   0x080024d2   0x00000002   PAD
    0x080024d4   0x080024d4   0x000000ec   Code   RO         4443    i.__kernel_sin      m_ws.l(sin_i.o)
    0x080025c0   0x080025c0   0x00000006   Code   RO         4425    i.__mathlib_dbl_infnan  m_ws.l(dunder.o)
    0x080025c6   0x080025c6   0x0000000c   Code   RO         4427    i.__mathlib_dbl_invalid  m_ws.l(dunder.o)
    0x080025d2   0x080025d2   0x00000002   PAD
    0x080025d4   0x080025d4   0x00000010   Code   RO         4430    i.__mathlib_dbl_underflow  m_ws.l(dunder.o)
    0x080025e4   0x080025e4   0x0000000e   Code   RO         4504    i.__scatterload_copy  mc_w.l(handlers.o)
    0x080025f2   0x080025f2   0x00000002   Code   RO         4505    i.__scatterload_null  mc_w.l(handlers.o)
    0x080025f4   0x080025f4   0x0000000e   Code   RO         4506    i.__scatterload_zeroinit  mc_w.l(handlers.o)
    0x08002602   0x08002602   0x00000002   PAD
    0x08002604   0x08002604   0x0000000c   Code   RO         4478    i.__set_errno       mc_w.l(errno.o)
    0x08002610   0x08002610   0x00000184   Code   RO         4370    i._fp_digits        mc_w.l(printfa.o)
    0x08002794   0x08002794   0x000006dc   Code   RO         4371    i._printf_core      mc_w.l(printfa.o)
    0x08002e70   0x08002e70   0x00000024   Code   RO         4372    i._printf_post_padding  mc_w.l(printfa.o)
    0x08002e94   0x08002e94   0x0000002e   Code   RO         4373    i._printf_pre_padding  mc_w.l(printfa.o)
    0x08002ec2   0x08002ec2   0x0000000a   Code   RO         4375    i._sputc            mc_w.l(printfa.o)
    0x08002ecc   0x08002ecc   0x0000009c   Code   RO         4116    i.cos               m_ws.l(cos.o)
    0x08002f68   0x08002f68   0x0000001c   Code   RO         3688    i.delay             stm3210c_eval_lcd.o
    0x08002f84   0x08002f84   0x000000dc   Code   RO         4124    i.floor             m_ws.l(floor.o)
    0x08003060   0x08003060   0x000000cc   Code   RO          179    i.main              main.o
    0x0800312c   0x0800312c   0x000011d0   Data   RO         3689    .constdata          stm3210c_eval_lcd.o
    0x080042fc   0x080042fc   0x00000004   PAD
    0x08004300   0x08004300   0x00000030   Data   RO         4422    .constdata          m_ws.l(cos_i.o)
    0x08004330   0x08004330   0x000000c8   Data   RO         4440    .constdata          m_ws.l(rred.o)
    0x080043f8   0x080043f8   0x00000028   Data   RO         4444    .constdata          m_ws.l(sin_i.o)
    0x08004420   0x08004420   0x00000020   Data   RO         4502    Region$$Table       anon$$obj.o


    Execution Region RW_IRAM1 (Exec base: 0x20000000, Load base: 0x08004440, Size: 0x00000468, Max: 0x00010000, ABSOLUTE)

    Exec Addr    Load Addr    Size         Type   Attr      Idx    E Section Name        Object

    0x20000000   0x08004440   0x00000020   Data   RW          181    .data               main.o
    0x20000020   0x08004460   0x00000010   Data   RW         3693    .data               stm3210c_eval_lcd.o
    0x20000030   0x08004470   0x00000004   Data   RW         4479    .data               mc_w.l(errno.o)
    0x20000034        -       0x00000030   Zero   RW          180    .bss                main.o
    0x20000064   0x08004474   0x00000004   PAD
    0x20000068        -       0x00000400   Zero   RW         4108    STACK               startup_stm32f10x_cl.o


==============================================================================

Image component sizes


      Code (inc. data)   RO Data    RW Data    ZI Data      Debug   Object Name

         0          0          0          0          0         32   core_cm3.o
      1912        208          0         32         48     240009   main.o
       120         16          0          0          0       3723   misc.o
        36          8        336          0       1024        960   startup_stm32f10x_cl.o
      1610        116       4560         16          0      18123   stm3210c_eval_lcd.o
       262         10          0          0          0      17038   stm32f10x_adc.o
       156         14          0          0          0       5000   stm32f10x_exti.o
       300         12          0          0          0      12976   stm32f10x_gpio.o
       618        110          0          0          0      26181   stm32f10x_it.o
       116         30          0          0          0       3379   stm32f10x_rcc.o
       178         12          0          0          0      11729   stm32f10x_spi.o
       300         34          0          0          0       1713   system_stm32f10x.o

    ----------------------------------------------------------------------
      5632        570       4932         48       1076     340863   Object Totals
         0          0         32          0          0          0   (incl. Generated)
        24          0          4          0          4          0   (incl. Padding)

    ----------------------------------------------------------------------

      Code (inc. data)   RO Data    RW Data    ZI Data      Debug   Library Member Name

       156          8          0          0          0        104   cos.o
       252         22         48          0          0        124   cos_i.o
        34          6          0          0          0        204   dunder.o
       220         16          0          0          0         84   floor.o
        40          0          0          0          0         68   fpclassify.o
       170          0          0          0          0         96   poly.o
       904         76        200          0          0        140   rred.o
       236         12         40          0          0        128   sin_i.o
         0          0          0          0          0          0   entry.o
         0          0          0          0          0          0   entry10a.o
         0          0          0          0          0          0   entry11a.o
         8          4          0          0          0          0   entry2.o
         4          0          0          0          0          0   entry5.o
         0          0          0          0          0          0   entry7b.o
         0          0          0          0          0          0   entry8b.o
         8          4          0          0          0          0   entry9a.o
        12          6          0          4          0         68   errno.o
        30          0          0          0          0          0   handlers.o
        36          8          0          0          0         68   init.o
         0          0          0          0          0          0   iusefp.o
        30          0          0          0          0         68   llshl.o
        36          0          0          0          0         68   llsshr.o
        32          0          0          0          0         68   llushr.o
      2276         86          0          0          0        520   printfa.o
        44          0          0          0          0         80   uidiv.o
        98          0          0          0          0         92   uldiv.o
        48          0          0          0          0         68   cdcmple.o
        48          0          0          0          0         68   cdrcmple.o
        56          0          0          0          0         88   d2f.o
       334          0          0          0          0        148   dadd.o
       222          0          0          0          0        100   ddiv.o
       186          0          0          0          0        176   depilogue.o
        62          0          0          0          0         80   dfixi.o
        50          0          0          0          0         76   dfixui.o
        48          0          0          0          0         68   dfixul.o
        34          0          0          0          0         76   dflti.o
        26          0          0          0          0         76   dfltui.o
       228          0          0          0          0         96   dmul.o
        46          0          0          0          0         80   dscalb.o
        38          0          0          0          0         68   f2d.o
       176          0          0          0          0        140   fadd.o
       124          0          0          0          0         88   fdiv.o
       110          0          0          0          0        168   fepilogue.o
        40          0          0          0          0         68   ffixui.o
        10          0          0          0          0         68   ffltui.o
       100          0          0          0          0         76   fmul.o

    ----------------------------------------------------------------------
      6620        248        288          4          0       3856   Library Totals
         8          0          0          0          0          0   (incl. Padding)

    ----------------------------------------------------------------------

      Code (inc. data)   RO Data    RW Data    ZI Data      Debug   Library Name

      2012        140        288          0          0        948   m_ws.l
      2614        108          0          4          0       1032   mc_w.l
      1986          0          0          0          0       1876   mf_w.l

    ----------------------------------------------------------------------
      6620        248        288          4          0       3856   Library Totals

    ----------------------------------------------------------------------

==============================================================================


      Code (inc. data)   RO Data    RW Data    ZI Data      Debug   

     12252        818       5220         52       1076     339203   Grand Totals
     12252        818       5220         52       1076     339203   ELF Image Totals
     12252        818       5220         52          0          0   ROM Totals

==============================================================================

    Total RO  Size (Code + RO Data)                17472 (  17.06kB)
    Total RW  Size (RW Data + ZI Data)              1128 (   1.10kB)
    Total ROM Size (Code + RO Data + RW Data)      17524 (  17.11kB)

==============================================================================

